ARM GAS  C:\Users\Domagoj\AppData\Local\Temp\cc6DqhSJ.s 			page 1


   1              		.cpu cortex-m0plus
   2              		.arch armv6s-m
   3              		.fpu softvfp
   4              		.eabi_attribute 20, 1
   5              		.eabi_attribute 21, 1
   6              		.eabi_attribute 23, 3
   7              		.eabi_attribute 24, 1
   8              		.eabi_attribute 25, 1
   9              		.eabi_attribute 26, 1
  10              		.eabi_attribute 30, 1
  11              		.eabi_attribute 34, 0
  12              		.eabi_attribute 18, 4
  13              		.file	"main.c"
  14              		.text
  15              	.Ltext0:
  16              		.cfi_sections	.debug_frame
  17              		.file 1 "Core/Src/main.c"
  18              		.section	.text.MX_GPIO_Init,"ax",%progbits
  19              		.align	1
  20              		.syntax unified
  21              		.code	16
  22              		.thumb_func
  24              	MX_GPIO_Init:
  25              	.LFB366:
   1:Core/Src/main.c **** /* USER CODE BEGIN Header */
   2:Core/Src/main.c **** /**
   3:Core/Src/main.c ****   ******************************************************************************
   4:Core/Src/main.c ****   * @file           : main.c
   5:Core/Src/main.c ****   * @brief          : Main program body
   6:Core/Src/main.c ****   ******************************************************************************
   7:Core/Src/main.c ****   * @attention
   8:Core/Src/main.c ****   *
   9:Core/Src/main.c ****   * Copyright (c) 2026 STMicroelectronics.
  10:Core/Src/main.c ****   * All rights reserved.
  11:Core/Src/main.c ****   *
  12:Core/Src/main.c ****   * This software is licensed under terms that can be found in the LICENSE file
  13:Core/Src/main.c ****   * in the root directory of this software component.
  14:Core/Src/main.c ****   * If no LICENSE file comes with this software, it is provided AS-IS.
  15:Core/Src/main.c ****   *
  16:Core/Src/main.c ****   ******************************************************************************
  17:Core/Src/main.c ****   */
  18:Core/Src/main.c **** /* USER CODE END Header */
  19:Core/Src/main.c **** /* Includes ------------------------------------------------------------------*/
  20:Core/Src/main.c **** #include "main.h"
  21:Core/Src/main.c **** 
  22:Core/Src/main.c **** /* Private includes ----------------------------------------------------------*/
  23:Core/Src/main.c **** /* USER CODE BEGIN Includes */
  24:Core/Src/main.c **** 
  25:Core/Src/main.c **** /* USER CODE END Includes */
  26:Core/Src/main.c **** 
  27:Core/Src/main.c **** /* Private typedef -----------------------------------------------------------*/
  28:Core/Src/main.c **** /* USER CODE BEGIN PTD */
  29:Core/Src/main.c **** 
  30:Core/Src/main.c **** /* USER CODE END PTD */
  31:Core/Src/main.c **** 
  32:Core/Src/main.c **** /* Private define ------------------------------------------------------------*/
  33:Core/Src/main.c **** /* USER CODE BEGIN PD */
ARM GAS  C:\Users\Domagoj\AppData\Local\Temp\cc6DqhSJ.s 			page 2


  34:Core/Src/main.c **** 
  35:Core/Src/main.c **** /* USER CODE END PD */
  36:Core/Src/main.c **** 
  37:Core/Src/main.c **** /* Private macro -------------------------------------------------------------*/
  38:Core/Src/main.c **** /* USER CODE BEGIN PM */
  39:Core/Src/main.c **** 
  40:Core/Src/main.c **** /* USER CODE END PM */
  41:Core/Src/main.c **** 
  42:Core/Src/main.c **** /* Private variables ---------------------------------------------------------*/
  43:Core/Src/main.c **** UART_HandleTypeDef huart2;
  44:Core/Src/main.c **** 
  45:Core/Src/main.c **** /* USER CODE BEGIN PV */
  46:Core/Src/main.c **** 
  47:Core/Src/main.c **** /* USER CODE END PV */
  48:Core/Src/main.c **** 
  49:Core/Src/main.c **** /* Private function prototypes -----------------------------------------------*/
  50:Core/Src/main.c **** void SystemClock_Config(void);
  51:Core/Src/main.c **** static void MX_GPIO_Init(void);
  52:Core/Src/main.c **** static void MX_USART2_UART_Init(void);
  53:Core/Src/main.c **** /* USER CODE BEGIN PFP */
  54:Core/Src/main.c **** 
  55:Core/Src/main.c **** /* USER CODE END PFP */
  56:Core/Src/main.c **** 
  57:Core/Src/main.c **** /* Private user code ---------------------------------------------------------*/
  58:Core/Src/main.c **** /* USER CODE BEGIN 0 */
  59:Core/Src/main.c **** 
  60:Core/Src/main.c **** /* USER CODE END 0 */
  61:Core/Src/main.c **** 
  62:Core/Src/main.c **** /**
  63:Core/Src/main.c ****   * @brief  The application entry point.
  64:Core/Src/main.c ****   * @retval int
  65:Core/Src/main.c ****   */
  66:Core/Src/main.c **** int main(void)
  67:Core/Src/main.c **** {
  68:Core/Src/main.c **** 
  69:Core/Src/main.c ****   /* USER CODE BEGIN 1 */
  70:Core/Src/main.c **** 
  71:Core/Src/main.c ****   /* USER CODE END 1 */
  72:Core/Src/main.c **** 
  73:Core/Src/main.c ****   /* MCU Configuration--------------------------------------------------------*/
  74:Core/Src/main.c **** 
  75:Core/Src/main.c ****   /* Reset of all peripherals, Initializes the Flash interface and the Systick. */
  76:Core/Src/main.c ****   HAL_Init();
  77:Core/Src/main.c **** 
  78:Core/Src/main.c ****   /* USER CODE BEGIN Init */
  79:Core/Src/main.c **** 
  80:Core/Src/main.c ****   /* USER CODE END Init */
  81:Core/Src/main.c **** 
  82:Core/Src/main.c ****   /* Configure the system clock */
  83:Core/Src/main.c ****   SystemClock_Config();
  84:Core/Src/main.c **** 
  85:Core/Src/main.c ****   /* USER CODE BEGIN SysInit */
  86:Core/Src/main.c **** 
  87:Core/Src/main.c ****   /* USER CODE END SysInit */
  88:Core/Src/main.c **** 
  89:Core/Src/main.c ****   /* Initialize all configured peripherals */
  90:Core/Src/main.c ****   MX_GPIO_Init();
ARM GAS  C:\Users\Domagoj\AppData\Local\Temp\cc6DqhSJ.s 			page 3


  91:Core/Src/main.c ****   MX_USART2_UART_Init();
  92:Core/Src/main.c ****   /* USER CODE BEGIN 2 */
  93:Core/Src/main.c **** 
  94:Core/Src/main.c ****   /* USER CODE END 2 */
  95:Core/Src/main.c **** 
  96:Core/Src/main.c ****   /* Infinite loop */
  97:Core/Src/main.c ****   /* USER CODE BEGIN WHILE */
  98:Core/Src/main.c ****   while (1)
  99:Core/Src/main.c ****   {
 100:Core/Src/main.c ****     /* USER CODE END WHILE */
 101:Core/Src/main.c **** 
 102:Core/Src/main.c ****     /* USER CODE BEGIN 3 */
 103:Core/Src/main.c ****   }
 104:Core/Src/main.c ****   /* USER CODE END 3 */
 105:Core/Src/main.c **** }
 106:Core/Src/main.c **** 
 107:Core/Src/main.c **** /**
 108:Core/Src/main.c ****   * @brief System Clock Configuration
 109:Core/Src/main.c ****   * @retval None
 110:Core/Src/main.c ****   */
 111:Core/Src/main.c **** void SystemClock_Config(void)
 112:Core/Src/main.c **** {
 113:Core/Src/main.c ****   RCC_OscInitTypeDef RCC_OscInitStruct = {0};
 114:Core/Src/main.c ****   RCC_ClkInitTypeDef RCC_ClkInitStruct = {0};
 115:Core/Src/main.c **** 
 116:Core/Src/main.c ****   /** Configure the main internal regulator output voltage
 117:Core/Src/main.c ****   */
 118:Core/Src/main.c ****   HAL_PWREx_ControlVoltageScaling(PWR_REGULATOR_VOLTAGE_SCALE1);
 119:Core/Src/main.c **** 
 120:Core/Src/main.c ****   /** Initializes the RCC Oscillators according to the specified parameters
 121:Core/Src/main.c ****   * in the RCC_OscInitTypeDef structure.
 122:Core/Src/main.c ****   */
 123:Core/Src/main.c ****   RCC_OscInitStruct.OscillatorType = RCC_OSCILLATORTYPE_HSI;
 124:Core/Src/main.c ****   RCC_OscInitStruct.HSIState = RCC_HSI_ON;
 125:Core/Src/main.c ****   RCC_OscInitStruct.HSIDiv = RCC_HSI_DIV1;
 126:Core/Src/main.c ****   RCC_OscInitStruct.HSICalibrationValue = RCC_HSICALIBRATION_DEFAULT;
 127:Core/Src/main.c ****   RCC_OscInitStruct.PLL.PLLState = RCC_PLL_NONE;
 128:Core/Src/main.c ****   if (HAL_RCC_OscConfig(&RCC_OscInitStruct) != HAL_OK)
 129:Core/Src/main.c ****   {
 130:Core/Src/main.c ****     Error_Handler();
 131:Core/Src/main.c ****   }
 132:Core/Src/main.c **** 
 133:Core/Src/main.c ****   /** Initializes the CPU, AHB and APB buses clocks
 134:Core/Src/main.c ****   */
 135:Core/Src/main.c ****   RCC_ClkInitStruct.ClockType = RCC_CLOCKTYPE_HCLK|RCC_CLOCKTYPE_SYSCLK
 136:Core/Src/main.c ****                               |RCC_CLOCKTYPE_PCLK1;
 137:Core/Src/main.c ****   RCC_ClkInitStruct.SYSCLKSource = RCC_SYSCLKSOURCE_HSI;
 138:Core/Src/main.c ****   RCC_ClkInitStruct.AHBCLKDivider = RCC_SYSCLK_DIV1;
 139:Core/Src/main.c ****   RCC_ClkInitStruct.APB1CLKDivider = RCC_HCLK_DIV1;
 140:Core/Src/main.c **** 
 141:Core/Src/main.c ****   if (HAL_RCC_ClockConfig(&RCC_ClkInitStruct, FLASH_LATENCY_0) != HAL_OK)
 142:Core/Src/main.c ****   {
 143:Core/Src/main.c ****     Error_Handler();
 144:Core/Src/main.c ****   }
 145:Core/Src/main.c **** }
 146:Core/Src/main.c **** 
 147:Core/Src/main.c **** /**
ARM GAS  C:\Users\Domagoj\AppData\Local\Temp\cc6DqhSJ.s 			page 4


 148:Core/Src/main.c ****   * @brief USART2 Initialization Function
 149:Core/Src/main.c ****   * @param None
 150:Core/Src/main.c ****   * @retval None
 151:Core/Src/main.c ****   */
 152:Core/Src/main.c **** static void MX_USART2_UART_Init(void)
 153:Core/Src/main.c **** {
 154:Core/Src/main.c **** 
 155:Core/Src/main.c ****   /* USER CODE BEGIN USART2_Init 0 */
 156:Core/Src/main.c **** 
 157:Core/Src/main.c ****   /* USER CODE END USART2_Init 0 */
 158:Core/Src/main.c **** 
 159:Core/Src/main.c ****   /* USER CODE BEGIN USART2_Init 1 */
 160:Core/Src/main.c **** 
 161:Core/Src/main.c ****   /* USER CODE END USART2_Init 1 */
 162:Core/Src/main.c ****   huart2.Instance = USART2;
 163:Core/Src/main.c ****   huart2.Init.BaudRate = 115200;
 164:Core/Src/main.c ****   huart2.Init.WordLength = UART_WORDLENGTH_8B;
 165:Core/Src/main.c ****   huart2.Init.StopBits = UART_STOPBITS_1;
 166:Core/Src/main.c ****   huart2.Init.Parity = UART_PARITY_NONE;
 167:Core/Src/main.c ****   huart2.Init.Mode = UART_MODE_TX_RX;
 168:Core/Src/main.c ****   huart2.Init.HwFlowCtl = UART_HWCONTROL_NONE;
 169:Core/Src/main.c ****   huart2.Init.OverSampling = UART_OVERSAMPLING_16;
 170:Core/Src/main.c ****   huart2.Init.OneBitSampling = UART_ONE_BIT_SAMPLE_DISABLE;
 171:Core/Src/main.c ****   huart2.Init.ClockPrescaler = UART_PRESCALER_DIV1;
 172:Core/Src/main.c ****   huart2.AdvancedInit.AdvFeatureInit = UART_ADVFEATURE_NO_INIT;
 173:Core/Src/main.c ****   if (HAL_UART_Init(&huart2) != HAL_OK)
 174:Core/Src/main.c ****   {
 175:Core/Src/main.c ****     Error_Handler();
 176:Core/Src/main.c ****   }
 177:Core/Src/main.c ****   if (HAL_UARTEx_SetTxFifoThreshold(&huart2, UART_TXFIFO_THRESHOLD_1_8) != HAL_OK)
 178:Core/Src/main.c ****   {
 179:Core/Src/main.c ****     Error_Handler();
 180:Core/Src/main.c ****   }
 181:Core/Src/main.c ****   if (HAL_UARTEx_SetRxFifoThreshold(&huart2, UART_RXFIFO_THRESHOLD_1_8) != HAL_OK)
 182:Core/Src/main.c ****   {
 183:Core/Src/main.c ****     Error_Handler();
 184:Core/Src/main.c ****   }
 185:Core/Src/main.c ****   if (HAL_UARTEx_DisableFifoMode(&huart2) != HAL_OK)
 186:Core/Src/main.c ****   {
 187:Core/Src/main.c ****     Error_Handler();
 188:Core/Src/main.c ****   }
 189:Core/Src/main.c ****   /* USER CODE BEGIN USART2_Init 2 */
 190:Core/Src/main.c **** 
 191:Core/Src/main.c ****   /* USER CODE END USART2_Init 2 */
 192:Core/Src/main.c **** 
 193:Core/Src/main.c **** }
 194:Core/Src/main.c **** 
 195:Core/Src/main.c **** /**
 196:Core/Src/main.c ****   * @brief GPIO Initialization Function
 197:Core/Src/main.c ****   * @param None
 198:Core/Src/main.c ****   * @retval None
 199:Core/Src/main.c ****   */
 200:Core/Src/main.c **** static void MX_GPIO_Init(void)
 201:Core/Src/main.c **** {
  26              		.loc 1 201 1 view -0
  27              		.cfi_startproc
  28              		@ args = 0, pretend = 0, frame = 32
ARM GAS  C:\Users\Domagoj\AppData\Local\Temp\cc6DqhSJ.s 			page 5


  29              		@ frame_needed = 0, uses_anonymous_args = 0
  30 0000 10B5     		push	{r4, lr}
  31              	.LCFI0:
  32              		.cfi_def_cfa_offset 8
  33              		.cfi_offset 4, -8
  34              		.cfi_offset 14, -4
  35 0002 88B0     		sub	sp, sp, #32
  36              	.LCFI1:
  37              		.cfi_def_cfa_offset 40
 202:Core/Src/main.c ****   GPIO_InitTypeDef GPIO_InitStruct = {0};
  38              		.loc 1 202 3 view .LVU1
  39              		.loc 1 202 20 is_stmt 0 view .LVU2
  40 0004 03AC     		add	r4, sp, #12
  41 0006 1422     		movs	r2, #20
  42 0008 0021     		movs	r1, #0
  43 000a 2000     		movs	r0, r4
  44 000c FFF7FEFF 		bl	memset
  45              	.LVL0:
 203:Core/Src/main.c ****   /* USER CODE BEGIN MX_GPIO_Init_1 */
 204:Core/Src/main.c **** 
 205:Core/Src/main.c ****   /* USER CODE END MX_GPIO_Init_1 */
 206:Core/Src/main.c **** 
 207:Core/Src/main.c ****   /* GPIO Ports Clock Enable */
 208:Core/Src/main.c ****   __HAL_RCC_GPIOA_CLK_ENABLE();
  46              		.loc 1 208 3 is_stmt 1 view .LVU3
  47              	.LBB4:
  48              		.loc 1 208 3 view .LVU4
  49              		.loc 1 208 3 view .LVU5
  50 0010 0C4B     		ldr	r3, .L2
  51 0012 596B     		ldr	r1, [r3, #52]
  52 0014 0122     		movs	r2, #1
  53 0016 1143     		orrs	r1, r2
  54 0018 5963     		str	r1, [r3, #52]
  55              		.loc 1 208 3 view .LVU6
  56 001a 596B     		ldr	r1, [r3, #52]
  57 001c 0A40     		ands	r2, r1
  58 001e 0192     		str	r2, [sp, #4]
  59              		.loc 1 208 3 view .LVU7
  60 0020 019A     		ldr	r2, [sp, #4]
  61              	.LBE4:
  62              		.loc 1 208 3 view .LVU8
 209:Core/Src/main.c ****   __HAL_RCC_GPIOB_CLK_ENABLE();
  63              		.loc 1 209 3 view .LVU9
  64              	.LBB5:
  65              		.loc 1 209 3 view .LVU10
  66              		.loc 1 209 3 view .LVU11
  67 0022 596B     		ldr	r1, [r3, #52]
  68 0024 0222     		movs	r2, #2
  69 0026 1143     		orrs	r1, r2
  70 0028 5963     		str	r1, [r3, #52]
  71              		.loc 1 209 3 view .LVU12
  72 002a 5B6B     		ldr	r3, [r3, #52]
  73 002c 1A40     		ands	r2, r3
  74 002e 0292     		str	r2, [sp, #8]
  75              		.loc 1 209 3 view .LVU13
  76 0030 029B     		ldr	r3, [sp, #8]
  77              	.LBE5:
ARM GAS  C:\Users\Domagoj\AppData\Local\Temp\cc6DqhSJ.s 			page 6


  78              		.loc 1 209 3 view .LVU14
 210:Core/Src/main.c **** 
 211:Core/Src/main.c ****   /*Configure GPIO pin : SW_1_Pin */
 212:Core/Src/main.c ****   GPIO_InitStruct.Pin = SW_1_Pin;
  79              		.loc 1 212 3 view .LVU15
  80              		.loc 1 212 23 is_stmt 0 view .LVU16
  81 0032 2023     		movs	r3, #32
  82 0034 0393     		str	r3, [sp, #12]
 213:Core/Src/main.c ****   GPIO_InitStruct.Mode = GPIO_MODE_INPUT;
  83              		.loc 1 213 3 is_stmt 1 view .LVU17
 214:Core/Src/main.c ****   GPIO_InitStruct.Pull = GPIO_NOPULL;
  84              		.loc 1 214 3 view .LVU18
 215:Core/Src/main.c ****   HAL_GPIO_Init(SW_1_GPIO_Port, &GPIO_InitStruct);
  85              		.loc 1 215 3 view .LVU19
  86 0036 2100     		movs	r1, r4
  87 0038 0348     		ldr	r0, .L2+4
  88 003a FFF7FEFF 		bl	HAL_GPIO_Init
  89              	.LVL1:
 216:Core/Src/main.c **** 
 217:Core/Src/main.c ****   /* USER CODE BEGIN MX_GPIO_Init_2 */
 218:Core/Src/main.c **** 
 219:Core/Src/main.c ****   /* USER CODE END MX_GPIO_Init_2 */
 220:Core/Src/main.c **** }
  90              		.loc 1 220 1 is_stmt 0 view .LVU20
  91 003e 08B0     		add	sp, sp, #32
  92              		@ sp needed
  93 0040 10BD     		pop	{r4, pc}
  94              	.L3:
  95 0042 C046     		.align	2
  96              	.L2:
  97 0044 00100240 		.word	1073876992
  98 0048 00040050 		.word	1342178304
  99              		.cfi_endproc
 100              	.LFE366:
 102              		.section	.text.Error_Handler,"ax",%progbits
 103              		.align	1
 104              		.global	Error_Handler
 105              		.syntax unified
 106              		.code	16
 107              		.thumb_func
 109              	Error_Handler:
 110              	.LFB367:
 221:Core/Src/main.c **** 
 222:Core/Src/main.c **** /* USER CODE BEGIN 4 */
 223:Core/Src/main.c **** 
 224:Core/Src/main.c **** /* USER CODE END 4 */
 225:Core/Src/main.c **** 
 226:Core/Src/main.c **** /**
 227:Core/Src/main.c ****   * @brief  This function is executed in case of error occurrence.
 228:Core/Src/main.c ****   * @retval None
 229:Core/Src/main.c ****   */
 230:Core/Src/main.c **** void Error_Handler(void)
 231:Core/Src/main.c **** {
 111              		.loc 1 231 1 is_stmt 1 view -0
 112              		.cfi_startproc
 113              		@ Volatile: function does not return.
 114              		@ args = 0, pretend = 0, frame = 0
ARM GAS  C:\Users\Domagoj\AppData\Local\Temp\cc6DqhSJ.s 			page 7


 115              		@ frame_needed = 0, uses_anonymous_args = 0
 116              		@ link register save eliminated.
 232:Core/Src/main.c ****   /* USER CODE BEGIN Error_Handler_Debug */
 233:Core/Src/main.c ****   /* User can add his own implementation to report the HAL error return state */
 234:Core/Src/main.c ****   __disable_irq();
 117              		.loc 1 234 3 view .LVU22
 118              	.LBB6:
 119              	.LBI6:
 120              		.file 2 "Drivers/CMSIS/Include/cmsis_gcc.h"
   1:Drivers/CMSIS/Include/cmsis_gcc.h **** /**************************************************************************//**
   2:Drivers/CMSIS/Include/cmsis_gcc.h ****  * @file     cmsis_gcc.h
   3:Drivers/CMSIS/Include/cmsis_gcc.h ****  * @brief    CMSIS compiler GCC header file
   4:Drivers/CMSIS/Include/cmsis_gcc.h ****  * @version  V5.2.0
   5:Drivers/CMSIS/Include/cmsis_gcc.h ****  * @date     08. May 2019
   6:Drivers/CMSIS/Include/cmsis_gcc.h ****  ******************************************************************************/
   7:Drivers/CMSIS/Include/cmsis_gcc.h **** /*
   8:Drivers/CMSIS/Include/cmsis_gcc.h ****  * Copyright (c) 2009-2019 Arm Limited. All rights reserved.
   9:Drivers/CMSIS/Include/cmsis_gcc.h ****  *
  10:Drivers/CMSIS/Include/cmsis_gcc.h ****  * SPDX-License-Identifier: Apache-2.0
  11:Drivers/CMSIS/Include/cmsis_gcc.h ****  *
  12:Drivers/CMSIS/Include/cmsis_gcc.h ****  * Licensed under the Apache License, Version 2.0 (the License); you may
  13:Drivers/CMSIS/Include/cmsis_gcc.h ****  * not use this file except in compliance with the License.
  14:Drivers/CMSIS/Include/cmsis_gcc.h ****  * You may obtain a copy of the License at
  15:Drivers/CMSIS/Include/cmsis_gcc.h ****  *
  16:Drivers/CMSIS/Include/cmsis_gcc.h ****  * www.apache.org/licenses/LICENSE-2.0
  17:Drivers/CMSIS/Include/cmsis_gcc.h ****  *
  18:Drivers/CMSIS/Include/cmsis_gcc.h ****  * Unless required by applicable law or agreed to in writing, software
  19:Drivers/CMSIS/Include/cmsis_gcc.h ****  * distributed under the License is distributed on an AS IS BASIS, WITHOUT
  20:Drivers/CMSIS/Include/cmsis_gcc.h ****  * WARRANTIES OR CONDITIONS OF ANY KIND, either express or implied.
  21:Drivers/CMSIS/Include/cmsis_gcc.h ****  * See the License for the specific language governing permissions and
  22:Drivers/CMSIS/Include/cmsis_gcc.h ****  * limitations under the License.
  23:Drivers/CMSIS/Include/cmsis_gcc.h ****  */
  24:Drivers/CMSIS/Include/cmsis_gcc.h **** 
  25:Drivers/CMSIS/Include/cmsis_gcc.h **** #ifndef __CMSIS_GCC_H
  26:Drivers/CMSIS/Include/cmsis_gcc.h **** #define __CMSIS_GCC_H
  27:Drivers/CMSIS/Include/cmsis_gcc.h **** 
  28:Drivers/CMSIS/Include/cmsis_gcc.h **** /* ignore some GCC warnings */
  29:Drivers/CMSIS/Include/cmsis_gcc.h **** #pragma GCC diagnostic push
  30:Drivers/CMSIS/Include/cmsis_gcc.h **** #pragma GCC diagnostic ignored "-Wsign-conversion"
  31:Drivers/CMSIS/Include/cmsis_gcc.h **** #pragma GCC diagnostic ignored "-Wconversion"
  32:Drivers/CMSIS/Include/cmsis_gcc.h **** #pragma GCC diagnostic ignored "-Wunused-parameter"
  33:Drivers/CMSIS/Include/cmsis_gcc.h **** 
  34:Drivers/CMSIS/Include/cmsis_gcc.h **** /* Fallback for __has_builtin */
  35:Drivers/CMSIS/Include/cmsis_gcc.h **** #ifndef __has_builtin
  36:Drivers/CMSIS/Include/cmsis_gcc.h ****   #define __has_builtin(x) (0)
  37:Drivers/CMSIS/Include/cmsis_gcc.h **** #endif
  38:Drivers/CMSIS/Include/cmsis_gcc.h **** 
  39:Drivers/CMSIS/Include/cmsis_gcc.h **** /* CMSIS compiler specific defines */
  40:Drivers/CMSIS/Include/cmsis_gcc.h **** #ifndef   __ASM
  41:Drivers/CMSIS/Include/cmsis_gcc.h ****   #define __ASM                                  __asm
  42:Drivers/CMSIS/Include/cmsis_gcc.h **** #endif
  43:Drivers/CMSIS/Include/cmsis_gcc.h **** #ifndef   __INLINE
  44:Drivers/CMSIS/Include/cmsis_gcc.h ****   #define __INLINE                               inline
  45:Drivers/CMSIS/Include/cmsis_gcc.h **** #endif
  46:Drivers/CMSIS/Include/cmsis_gcc.h **** #ifndef   __STATIC_INLINE
  47:Drivers/CMSIS/Include/cmsis_gcc.h ****   #define __STATIC_INLINE                        static inline
  48:Drivers/CMSIS/Include/cmsis_gcc.h **** #endif
ARM GAS  C:\Users\Domagoj\AppData\Local\Temp\cc6DqhSJ.s 			page 8


  49:Drivers/CMSIS/Include/cmsis_gcc.h **** #ifndef   __STATIC_FORCEINLINE                 
  50:Drivers/CMSIS/Include/cmsis_gcc.h ****   #define __STATIC_FORCEINLINE                   __attribute__((always_inline)) static inline
  51:Drivers/CMSIS/Include/cmsis_gcc.h **** #endif                                           
  52:Drivers/CMSIS/Include/cmsis_gcc.h **** #ifndef   __NO_RETURN
  53:Drivers/CMSIS/Include/cmsis_gcc.h ****   #define __NO_RETURN                            __attribute__((__noreturn__))
  54:Drivers/CMSIS/Include/cmsis_gcc.h **** #endif
  55:Drivers/CMSIS/Include/cmsis_gcc.h **** #ifndef   __USED
  56:Drivers/CMSIS/Include/cmsis_gcc.h ****   #define __USED                                 __attribute__((used))
  57:Drivers/CMSIS/Include/cmsis_gcc.h **** #endif
  58:Drivers/CMSIS/Include/cmsis_gcc.h **** #ifndef   __WEAK
  59:Drivers/CMSIS/Include/cmsis_gcc.h ****   #define __WEAK                                 __attribute__((weak))
  60:Drivers/CMSIS/Include/cmsis_gcc.h **** #endif
  61:Drivers/CMSIS/Include/cmsis_gcc.h **** #ifndef   __PACKED
  62:Drivers/CMSIS/Include/cmsis_gcc.h ****   #define __PACKED                               __attribute__((packed, aligned(1)))
  63:Drivers/CMSIS/Include/cmsis_gcc.h **** #endif
  64:Drivers/CMSIS/Include/cmsis_gcc.h **** #ifndef   __PACKED_STRUCT
  65:Drivers/CMSIS/Include/cmsis_gcc.h ****   #define __PACKED_STRUCT                        struct __attribute__((packed, aligned(1)))
  66:Drivers/CMSIS/Include/cmsis_gcc.h **** #endif
  67:Drivers/CMSIS/Include/cmsis_gcc.h **** #ifndef   __PACKED_UNION
  68:Drivers/CMSIS/Include/cmsis_gcc.h ****   #define __PACKED_UNION                         union __attribute__((packed, aligned(1)))
  69:Drivers/CMSIS/Include/cmsis_gcc.h **** #endif
  70:Drivers/CMSIS/Include/cmsis_gcc.h **** #ifndef   __UNALIGNED_UINT32        /* deprecated */
  71:Drivers/CMSIS/Include/cmsis_gcc.h ****   #pragma GCC diagnostic push
  72:Drivers/CMSIS/Include/cmsis_gcc.h ****   #pragma GCC diagnostic ignored "-Wpacked"
  73:Drivers/CMSIS/Include/cmsis_gcc.h ****   #pragma GCC diagnostic ignored "-Wattributes"
  74:Drivers/CMSIS/Include/cmsis_gcc.h ****   struct __attribute__((packed)) T_UINT32 { uint32_t v; };
  75:Drivers/CMSIS/Include/cmsis_gcc.h ****   #pragma GCC diagnostic pop
  76:Drivers/CMSIS/Include/cmsis_gcc.h ****   #define __UNALIGNED_UINT32(x)                  (((struct T_UINT32 *)(x))->v)
  77:Drivers/CMSIS/Include/cmsis_gcc.h **** #endif
  78:Drivers/CMSIS/Include/cmsis_gcc.h **** #ifndef   __UNALIGNED_UINT16_WRITE
  79:Drivers/CMSIS/Include/cmsis_gcc.h ****   #pragma GCC diagnostic push
  80:Drivers/CMSIS/Include/cmsis_gcc.h ****   #pragma GCC diagnostic ignored "-Wpacked"
  81:Drivers/CMSIS/Include/cmsis_gcc.h ****   #pragma GCC diagnostic ignored "-Wattributes"
  82:Drivers/CMSIS/Include/cmsis_gcc.h ****   __PACKED_STRUCT T_UINT16_WRITE { uint16_t v; };
  83:Drivers/CMSIS/Include/cmsis_gcc.h ****   #pragma GCC diagnostic pop
  84:Drivers/CMSIS/Include/cmsis_gcc.h ****   #define __UNALIGNED_UINT16_WRITE(addr, val)    (void)((((struct T_UINT16_WRITE *)(void *)(addr))-
  85:Drivers/CMSIS/Include/cmsis_gcc.h **** #endif
  86:Drivers/CMSIS/Include/cmsis_gcc.h **** #ifndef   __UNALIGNED_UINT16_READ
  87:Drivers/CMSIS/Include/cmsis_gcc.h ****   #pragma GCC diagnostic push
  88:Drivers/CMSIS/Include/cmsis_gcc.h ****   #pragma GCC diagnostic ignored "-Wpacked"
  89:Drivers/CMSIS/Include/cmsis_gcc.h ****   #pragma GCC diagnostic ignored "-Wattributes"
  90:Drivers/CMSIS/Include/cmsis_gcc.h ****   __PACKED_STRUCT T_UINT16_READ { uint16_t v; };
  91:Drivers/CMSIS/Include/cmsis_gcc.h ****   #pragma GCC diagnostic pop
  92:Drivers/CMSIS/Include/cmsis_gcc.h ****   #define __UNALIGNED_UINT16_READ(addr)          (((const struct T_UINT16_READ *)(const void *)(add
  93:Drivers/CMSIS/Include/cmsis_gcc.h **** #endif
  94:Drivers/CMSIS/Include/cmsis_gcc.h **** #ifndef   __UNALIGNED_UINT32_WRITE
  95:Drivers/CMSIS/Include/cmsis_gcc.h ****   #pragma GCC diagnostic push
  96:Drivers/CMSIS/Include/cmsis_gcc.h ****   #pragma GCC diagnostic ignored "-Wpacked"
  97:Drivers/CMSIS/Include/cmsis_gcc.h ****   #pragma GCC diagnostic ignored "-Wattributes"
  98:Drivers/CMSIS/Include/cmsis_gcc.h ****   __PACKED_STRUCT T_UINT32_WRITE { uint32_t v; };
  99:Drivers/CMSIS/Include/cmsis_gcc.h ****   #pragma GCC diagnostic pop
 100:Drivers/CMSIS/Include/cmsis_gcc.h ****   #define __UNALIGNED_UINT32_WRITE(addr, val)    (void)((((struct T_UINT32_WRITE *)(void *)(addr))-
 101:Drivers/CMSIS/Include/cmsis_gcc.h **** #endif
 102:Drivers/CMSIS/Include/cmsis_gcc.h **** #ifndef   __UNALIGNED_UINT32_READ
 103:Drivers/CMSIS/Include/cmsis_gcc.h ****   #pragma GCC diagnostic push
 104:Drivers/CMSIS/Include/cmsis_gcc.h ****   #pragma GCC diagnostic ignored "-Wpacked"
 105:Drivers/CMSIS/Include/cmsis_gcc.h ****   #pragma GCC diagnostic ignored "-Wattributes"
ARM GAS  C:\Users\Domagoj\AppData\Local\Temp\cc6DqhSJ.s 			page 9


 106:Drivers/CMSIS/Include/cmsis_gcc.h ****   __PACKED_STRUCT T_UINT32_READ { uint32_t v; };
 107:Drivers/CMSIS/Include/cmsis_gcc.h ****   #pragma GCC diagnostic pop
 108:Drivers/CMSIS/Include/cmsis_gcc.h ****   #define __UNALIGNED_UINT32_READ(addr)          (((const struct T_UINT32_READ *)(const void *)(add
 109:Drivers/CMSIS/Include/cmsis_gcc.h **** #endif
 110:Drivers/CMSIS/Include/cmsis_gcc.h **** #ifndef   __ALIGNED
 111:Drivers/CMSIS/Include/cmsis_gcc.h ****   #define __ALIGNED(x)                           __attribute__((aligned(x)))
 112:Drivers/CMSIS/Include/cmsis_gcc.h **** #endif
 113:Drivers/CMSIS/Include/cmsis_gcc.h **** #ifndef   __RESTRICT
 114:Drivers/CMSIS/Include/cmsis_gcc.h ****   #define __RESTRICT                             __restrict
 115:Drivers/CMSIS/Include/cmsis_gcc.h **** #endif
 116:Drivers/CMSIS/Include/cmsis_gcc.h **** #ifndef   __COMPILER_BARRIER
 117:Drivers/CMSIS/Include/cmsis_gcc.h ****   #define __COMPILER_BARRIER()                   __ASM volatile("":::"memory")
 118:Drivers/CMSIS/Include/cmsis_gcc.h **** #endif
 119:Drivers/CMSIS/Include/cmsis_gcc.h **** 
 120:Drivers/CMSIS/Include/cmsis_gcc.h **** /* #########################  Startup and Lowlevel Init  ######################## */
 121:Drivers/CMSIS/Include/cmsis_gcc.h **** 
 122:Drivers/CMSIS/Include/cmsis_gcc.h **** #ifndef __PROGRAM_START
 123:Drivers/CMSIS/Include/cmsis_gcc.h **** 
 124:Drivers/CMSIS/Include/cmsis_gcc.h **** /**
 125:Drivers/CMSIS/Include/cmsis_gcc.h ****   \brief   Initializes data and bss sections
 126:Drivers/CMSIS/Include/cmsis_gcc.h ****   \details This default implementations initialized all data and additional bss
 127:Drivers/CMSIS/Include/cmsis_gcc.h ****            sections relying on .copy.table and .zero.table specified properly
 128:Drivers/CMSIS/Include/cmsis_gcc.h ****            in the used linker script.
 129:Drivers/CMSIS/Include/cmsis_gcc.h ****   
 130:Drivers/CMSIS/Include/cmsis_gcc.h ****  */
 131:Drivers/CMSIS/Include/cmsis_gcc.h **** __STATIC_FORCEINLINE __NO_RETURN void __cmsis_start(void)
 132:Drivers/CMSIS/Include/cmsis_gcc.h **** {
 133:Drivers/CMSIS/Include/cmsis_gcc.h ****   extern void _start(void) __NO_RETURN;
 134:Drivers/CMSIS/Include/cmsis_gcc.h ****   
 135:Drivers/CMSIS/Include/cmsis_gcc.h ****   typedef struct {
 136:Drivers/CMSIS/Include/cmsis_gcc.h ****     uint32_t const* src;
 137:Drivers/CMSIS/Include/cmsis_gcc.h ****     uint32_t* dest;
 138:Drivers/CMSIS/Include/cmsis_gcc.h ****     uint32_t  wlen;
 139:Drivers/CMSIS/Include/cmsis_gcc.h ****   } __copy_table_t;
 140:Drivers/CMSIS/Include/cmsis_gcc.h ****   
 141:Drivers/CMSIS/Include/cmsis_gcc.h ****   typedef struct {
 142:Drivers/CMSIS/Include/cmsis_gcc.h ****     uint32_t* dest;
 143:Drivers/CMSIS/Include/cmsis_gcc.h ****     uint32_t  wlen;
 144:Drivers/CMSIS/Include/cmsis_gcc.h ****   } __zero_table_t;
 145:Drivers/CMSIS/Include/cmsis_gcc.h ****   
 146:Drivers/CMSIS/Include/cmsis_gcc.h ****   extern const __copy_table_t __copy_table_start__;
 147:Drivers/CMSIS/Include/cmsis_gcc.h ****   extern const __copy_table_t __copy_table_end__;
 148:Drivers/CMSIS/Include/cmsis_gcc.h ****   extern const __zero_table_t __zero_table_start__;
 149:Drivers/CMSIS/Include/cmsis_gcc.h ****   extern const __zero_table_t __zero_table_end__;
 150:Drivers/CMSIS/Include/cmsis_gcc.h **** 
 151:Drivers/CMSIS/Include/cmsis_gcc.h ****   for (__copy_table_t const* pTable = &__copy_table_start__; pTable < &__copy_table_end__; ++pTable
 152:Drivers/CMSIS/Include/cmsis_gcc.h ****     for(uint32_t i=0u; i<pTable->wlen; ++i) {
 153:Drivers/CMSIS/Include/cmsis_gcc.h ****       pTable->dest[i] = pTable->src[i];
 154:Drivers/CMSIS/Include/cmsis_gcc.h ****     }
 155:Drivers/CMSIS/Include/cmsis_gcc.h ****   }
 156:Drivers/CMSIS/Include/cmsis_gcc.h ****  
 157:Drivers/CMSIS/Include/cmsis_gcc.h ****   for (__zero_table_t const* pTable = &__zero_table_start__; pTable < &__zero_table_end__; ++pTable
 158:Drivers/CMSIS/Include/cmsis_gcc.h ****     for(uint32_t i=0u; i<pTable->wlen; ++i) {
 159:Drivers/CMSIS/Include/cmsis_gcc.h ****       pTable->dest[i] = 0u;
 160:Drivers/CMSIS/Include/cmsis_gcc.h ****     }
 161:Drivers/CMSIS/Include/cmsis_gcc.h ****   }
 162:Drivers/CMSIS/Include/cmsis_gcc.h ****  
ARM GAS  C:\Users\Domagoj\AppData\Local\Temp\cc6DqhSJ.s 			page 10


 163:Drivers/CMSIS/Include/cmsis_gcc.h ****   _start();
 164:Drivers/CMSIS/Include/cmsis_gcc.h **** }
 165:Drivers/CMSIS/Include/cmsis_gcc.h ****   
 166:Drivers/CMSIS/Include/cmsis_gcc.h **** #define __PROGRAM_START           __cmsis_start
 167:Drivers/CMSIS/Include/cmsis_gcc.h **** #endif
 168:Drivers/CMSIS/Include/cmsis_gcc.h **** 
 169:Drivers/CMSIS/Include/cmsis_gcc.h **** #ifndef __INITIAL_SP
 170:Drivers/CMSIS/Include/cmsis_gcc.h **** #define __INITIAL_SP              __StackTop
 171:Drivers/CMSIS/Include/cmsis_gcc.h **** #endif
 172:Drivers/CMSIS/Include/cmsis_gcc.h **** 
 173:Drivers/CMSIS/Include/cmsis_gcc.h **** #ifndef __STACK_LIMIT
 174:Drivers/CMSIS/Include/cmsis_gcc.h **** #define __STACK_LIMIT             __StackLimit
 175:Drivers/CMSIS/Include/cmsis_gcc.h **** #endif
 176:Drivers/CMSIS/Include/cmsis_gcc.h **** 
 177:Drivers/CMSIS/Include/cmsis_gcc.h **** #ifndef __VECTOR_TABLE
 178:Drivers/CMSIS/Include/cmsis_gcc.h **** #define __VECTOR_TABLE            __Vectors
 179:Drivers/CMSIS/Include/cmsis_gcc.h **** #endif
 180:Drivers/CMSIS/Include/cmsis_gcc.h **** 
 181:Drivers/CMSIS/Include/cmsis_gcc.h **** #ifndef __VECTOR_TABLE_ATTRIBUTE
 182:Drivers/CMSIS/Include/cmsis_gcc.h **** #define __VECTOR_TABLE_ATTRIBUTE  __attribute((used, section(".vectors")))
 183:Drivers/CMSIS/Include/cmsis_gcc.h **** #endif
 184:Drivers/CMSIS/Include/cmsis_gcc.h **** 
 185:Drivers/CMSIS/Include/cmsis_gcc.h **** /* ###########################  Core Function Access  ########################### */
 186:Drivers/CMSIS/Include/cmsis_gcc.h **** /** \ingroup  CMSIS_Core_FunctionInterface
 187:Drivers/CMSIS/Include/cmsis_gcc.h ****     \defgroup CMSIS_Core_RegAccFunctions CMSIS Core Register Access Functions
 188:Drivers/CMSIS/Include/cmsis_gcc.h ****   @{
 189:Drivers/CMSIS/Include/cmsis_gcc.h ****  */
 190:Drivers/CMSIS/Include/cmsis_gcc.h **** 
 191:Drivers/CMSIS/Include/cmsis_gcc.h **** /**
 192:Drivers/CMSIS/Include/cmsis_gcc.h ****   \brief   Enable IRQ Interrupts
 193:Drivers/CMSIS/Include/cmsis_gcc.h ****   \details Enables IRQ interrupts by clearing the I-bit in the CPSR.
 194:Drivers/CMSIS/Include/cmsis_gcc.h ****            Can only be executed in Privileged modes.
 195:Drivers/CMSIS/Include/cmsis_gcc.h ****  */
 196:Drivers/CMSIS/Include/cmsis_gcc.h **** __STATIC_FORCEINLINE void __enable_irq(void)
 197:Drivers/CMSIS/Include/cmsis_gcc.h **** {
 198:Drivers/CMSIS/Include/cmsis_gcc.h ****   __ASM volatile ("cpsie i" : : : "memory");
 199:Drivers/CMSIS/Include/cmsis_gcc.h **** }
 200:Drivers/CMSIS/Include/cmsis_gcc.h **** 
 201:Drivers/CMSIS/Include/cmsis_gcc.h **** 
 202:Drivers/CMSIS/Include/cmsis_gcc.h **** /**
 203:Drivers/CMSIS/Include/cmsis_gcc.h ****   \brief   Disable IRQ Interrupts
 204:Drivers/CMSIS/Include/cmsis_gcc.h ****   \details Disables IRQ interrupts by setting the I-bit in the CPSR.
 205:Drivers/CMSIS/Include/cmsis_gcc.h ****            Can only be executed in Privileged modes.
 206:Drivers/CMSIS/Include/cmsis_gcc.h ****  */
 207:Drivers/CMSIS/Include/cmsis_gcc.h **** __STATIC_FORCEINLINE void __disable_irq(void)
 121              		.loc 2 207 27 view .LVU23
 122              	.LBB7:
 208:Drivers/CMSIS/Include/cmsis_gcc.h **** {
 209:Drivers/CMSIS/Include/cmsis_gcc.h ****   __ASM volatile ("cpsid i" : : : "memory");
 123              		.loc 2 209 3 view .LVU24
 124              		.syntax divided
 125              	@ 209 "Drivers/CMSIS/Include/cmsis_gcc.h" 1
 126 0000 72B6     		cpsid i
 127              	@ 0 "" 2
 128              		.thumb
 129              		.syntax unified
 130              	.L5:
ARM GAS  C:\Users\Domagoj\AppData\Local\Temp\cc6DqhSJ.s 			page 11


 131              	.LBE7:
 132              	.LBE6:
 235:Core/Src/main.c ****   while (1)
 133              		.loc 1 235 3 view .LVU25
 236:Core/Src/main.c ****   {
 237:Core/Src/main.c ****   }
 134              		.loc 1 237 3 view .LVU26
 235:Core/Src/main.c ****   while (1)
 135              		.loc 1 235 9 view .LVU27
 136 0002 FEE7     		b	.L5
 137              		.cfi_endproc
 138              	.LFE367:
 140              		.section	.text.MX_USART2_UART_Init,"ax",%progbits
 141              		.align	1
 142              		.syntax unified
 143              		.code	16
 144              		.thumb_func
 146              	MX_USART2_UART_Init:
 147              	.LFB365:
 153:Core/Src/main.c **** 
 148              		.loc 1 153 1 view -0
 149              		.cfi_startproc
 150              		@ args = 0, pretend = 0, frame = 0
 151              		@ frame_needed = 0, uses_anonymous_args = 0
 152 0000 10B5     		push	{r4, lr}
 153              	.LCFI2:
 154              		.cfi_def_cfa_offset 8
 155              		.cfi_offset 4, -8
 156              		.cfi_offset 14, -4
 162:Core/Src/main.c ****   huart2.Init.BaudRate = 115200;
 157              		.loc 1 162 3 view .LVU29
 162:Core/Src/main.c ****   huart2.Init.BaudRate = 115200;
 158              		.loc 1 162 19 is_stmt 0 view .LVU30
 159 0002 1748     		ldr	r0, .L15
 160 0004 174B     		ldr	r3, .L15+4
 161 0006 0360     		str	r3, [r0]
 163:Core/Src/main.c ****   huart2.Init.WordLength = UART_WORDLENGTH_8B;
 162              		.loc 1 163 3 is_stmt 1 view .LVU31
 163:Core/Src/main.c ****   huart2.Init.WordLength = UART_WORDLENGTH_8B;
 163              		.loc 1 163 24 is_stmt 0 view .LVU32
 164 0008 E123     		movs	r3, #225
 165 000a 5B02     		lsls	r3, r3, #9
 166 000c 4360     		str	r3, [r0, #4]
 164:Core/Src/main.c ****   huart2.Init.StopBits = UART_STOPBITS_1;
 167              		.loc 1 164 3 is_stmt 1 view .LVU33
 164:Core/Src/main.c ****   huart2.Init.StopBits = UART_STOPBITS_1;
 168              		.loc 1 164 26 is_stmt 0 view .LVU34
 169 000e 0023     		movs	r3, #0
 170 0010 8360     		str	r3, [r0, #8]
 165:Core/Src/main.c ****   huart2.Init.Parity = UART_PARITY_NONE;
 171              		.loc 1 165 3 is_stmt 1 view .LVU35
 165:Core/Src/main.c ****   huart2.Init.Parity = UART_PARITY_NONE;
 172              		.loc 1 165 24 is_stmt 0 view .LVU36
 173 0012 C360     		str	r3, [r0, #12]
 166:Core/Src/main.c ****   huart2.Init.Mode = UART_MODE_TX_RX;
 174              		.loc 1 166 3 is_stmt 1 view .LVU37
 166:Core/Src/main.c ****   huart2.Init.Mode = UART_MODE_TX_RX;
ARM GAS  C:\Users\Domagoj\AppData\Local\Temp\cc6DqhSJ.s 			page 12


 175              		.loc 1 166 22 is_stmt 0 view .LVU38
 176 0014 0361     		str	r3, [r0, #16]
 167:Core/Src/main.c ****   huart2.Init.HwFlowCtl = UART_HWCONTROL_NONE;
 177              		.loc 1 167 3 is_stmt 1 view .LVU39
 167:Core/Src/main.c ****   huart2.Init.HwFlowCtl = UART_HWCONTROL_NONE;
 178              		.loc 1 167 20 is_stmt 0 view .LVU40
 179 0016 0C22     		movs	r2, #12
 180 0018 4261     		str	r2, [r0, #20]
 168:Core/Src/main.c ****   huart2.Init.OverSampling = UART_OVERSAMPLING_16;
 181              		.loc 1 168 3 is_stmt 1 view .LVU41
 168:Core/Src/main.c ****   huart2.Init.OverSampling = UART_OVERSAMPLING_16;
 182              		.loc 1 168 25 is_stmt 0 view .LVU42
 183 001a 8361     		str	r3, [r0, #24]
 169:Core/Src/main.c ****   huart2.Init.OneBitSampling = UART_ONE_BIT_SAMPLE_DISABLE;
 184              		.loc 1 169 3 is_stmt 1 view .LVU43
 169:Core/Src/main.c ****   huart2.Init.OneBitSampling = UART_ONE_BIT_SAMPLE_DISABLE;
 185              		.loc 1 169 28 is_stmt 0 view .LVU44
 186 001c C361     		str	r3, [r0, #28]
 170:Core/Src/main.c ****   huart2.Init.ClockPrescaler = UART_PRESCALER_DIV1;
 187              		.loc 1 170 3 is_stmt 1 view .LVU45
 170:Core/Src/main.c ****   huart2.Init.ClockPrescaler = UART_PRESCALER_DIV1;
 188              		.loc 1 170 30 is_stmt 0 view .LVU46
 189 001e 0362     		str	r3, [r0, #32]
 171:Core/Src/main.c ****   huart2.AdvancedInit.AdvFeatureInit = UART_ADVFEATURE_NO_INIT;
 190              		.loc 1 171 3 is_stmt 1 view .LVU47
 171:Core/Src/main.c ****   huart2.AdvancedInit.AdvFeatureInit = UART_ADVFEATURE_NO_INIT;
 191              		.loc 1 171 30 is_stmt 0 view .LVU48
 192 0020 4362     		str	r3, [r0, #36]
 172:Core/Src/main.c ****   if (HAL_UART_Init(&huart2) != HAL_OK)
 193              		.loc 1 172 3 is_stmt 1 view .LVU49
 172:Core/Src/main.c ****   if (HAL_UART_Init(&huart2) != HAL_OK)
 194              		.loc 1 172 38 is_stmt 0 view .LVU50
 195 0022 8362     		str	r3, [r0, #40]
 173:Core/Src/main.c ****   {
 196              		.loc 1 173 3 is_stmt 1 view .LVU51
 173:Core/Src/main.c ****   {
 197              		.loc 1 173 7 is_stmt 0 view .LVU52
 198 0024 FFF7FEFF 		bl	HAL_UART_Init
 199              	.LVL2:
 173:Core/Src/main.c ****   {
 200              		.loc 1 173 6 discriminator 1 view .LVU53
 201 0028 0028     		cmp	r0, #0
 202 002a 11D1     		bne	.L11
 177:Core/Src/main.c ****   {
 203              		.loc 1 177 3 is_stmt 1 view .LVU54
 177:Core/Src/main.c ****   {
 204              		.loc 1 177 7 is_stmt 0 view .LVU55
 205 002c 0C48     		ldr	r0, .L15
 206 002e 0021     		movs	r1, #0
 207 0030 FFF7FEFF 		bl	HAL_UARTEx_SetTxFifoThreshold
 208              	.LVL3:
 177:Core/Src/main.c ****   {
 209              		.loc 1 177 6 discriminator 1 view .LVU56
 210 0034 0028     		cmp	r0, #0
 211 0036 0DD1     		bne	.L12
 181:Core/Src/main.c ****   {
 212              		.loc 1 181 3 is_stmt 1 view .LVU57
ARM GAS  C:\Users\Domagoj\AppData\Local\Temp\cc6DqhSJ.s 			page 13


 181:Core/Src/main.c ****   {
 213              		.loc 1 181 7 is_stmt 0 view .LVU58
 214 0038 0948     		ldr	r0, .L15
 215 003a 0021     		movs	r1, #0
 216 003c FFF7FEFF 		bl	HAL_UARTEx_SetRxFifoThreshold
 217              	.LVL4:
 181:Core/Src/main.c ****   {
 218              		.loc 1 181 6 discriminator 1 view .LVU59
 219 0040 0028     		cmp	r0, #0
 220 0042 09D1     		bne	.L13
 185:Core/Src/main.c ****   {
 221              		.loc 1 185 3 is_stmt 1 view .LVU60
 185:Core/Src/main.c ****   {
 222              		.loc 1 185 7 is_stmt 0 view .LVU61
 223 0044 0648     		ldr	r0, .L15
 224 0046 FFF7FEFF 		bl	HAL_UARTEx_DisableFifoMode
 225              	.LVL5:
 185:Core/Src/main.c ****   {
 226              		.loc 1 185 6 discriminator 1 view .LVU62
 227 004a 0028     		cmp	r0, #0
 228 004c 06D1     		bne	.L14
 193:Core/Src/main.c **** 
 229              		.loc 1 193 1 view .LVU63
 230              		@ sp needed
 231 004e 10BD     		pop	{r4, pc}
 232              	.L11:
 175:Core/Src/main.c ****   }
 233              		.loc 1 175 5 is_stmt 1 view .LVU64
 234 0050 FFF7FEFF 		bl	Error_Handler
 235              	.LVL6:
 236              	.L12:
 179:Core/Src/main.c ****   }
 237              		.loc 1 179 5 view .LVU65
 238 0054 FFF7FEFF 		bl	Error_Handler
 239              	.LVL7:
 240              	.L13:
 183:Core/Src/main.c ****   }
 241              		.loc 1 183 5 view .LVU66
 242 0058 FFF7FEFF 		bl	Error_Handler
 243              	.LVL8:
 244              	.L14:
 187:Core/Src/main.c ****   }
 245              		.loc 1 187 5 view .LVU67
 246 005c FFF7FEFF 		bl	Error_Handler
 247              	.LVL9:
 248              	.L16:
 249              		.align	2
 250              	.L15:
 251 0060 00000000 		.word	huart2
 252 0064 00440040 		.word	1073759232
 253              		.cfi_endproc
 254              	.LFE365:
 256              		.section	.text.SystemClock_Config,"ax",%progbits
 257              		.align	1
 258              		.global	SystemClock_Config
 259              		.syntax unified
 260              		.code	16
ARM GAS  C:\Users\Domagoj\AppData\Local\Temp\cc6DqhSJ.s 			page 14


 261              		.thumb_func
 263              	SystemClock_Config:
 264              	.LFB364:
 112:Core/Src/main.c ****   RCC_OscInitTypeDef RCC_OscInitStruct = {0};
 265              		.loc 1 112 1 view -0
 266              		.cfi_startproc
 267              		@ args = 0, pretend = 0, frame = 80
 268              		@ frame_needed = 0, uses_anonymous_args = 0
 269 0000 10B5     		push	{r4, lr}
 270              	.LCFI3:
 271              		.cfi_def_cfa_offset 8
 272              		.cfi_offset 4, -8
 273              		.cfi_offset 14, -4
 274 0002 94B0     		sub	sp, sp, #80
 275              	.LCFI4:
 276              		.cfi_def_cfa_offset 88
 113:Core/Src/main.c ****   RCC_ClkInitTypeDef RCC_ClkInitStruct = {0};
 277              		.loc 1 113 3 view .LVU69
 113:Core/Src/main.c ****   RCC_ClkInitTypeDef RCC_ClkInitStruct = {0};
 278              		.loc 1 113 22 is_stmt 0 view .LVU70
 279 0004 05AC     		add	r4, sp, #20
 280 0006 3C22     		movs	r2, #60
 281 0008 0021     		movs	r1, #0
 282 000a 2000     		movs	r0, r4
 283 000c FFF7FEFF 		bl	memset
 284              	.LVL10:
 114:Core/Src/main.c **** 
 285              		.loc 1 114 3 is_stmt 1 view .LVU71
 114:Core/Src/main.c **** 
 286              		.loc 1 114 22 is_stmt 0 view .LVU72
 287 0010 1022     		movs	r2, #16
 288 0012 0021     		movs	r1, #0
 289 0014 01A8     		add	r0, sp, #4
 290 0016 FFF7FEFF 		bl	memset
 291              	.LVL11:
 118:Core/Src/main.c **** 
 292              		.loc 1 118 3 is_stmt 1 view .LVU73
 293 001a 8020     		movs	r0, #128
 294 001c 8000     		lsls	r0, r0, #2
 295 001e FFF7FEFF 		bl	HAL_PWREx_ControlVoltageScaling
 296              	.LVL12:
 123:Core/Src/main.c ****   RCC_OscInitStruct.HSIState = RCC_HSI_ON;
 297              		.loc 1 123 3 view .LVU74
 123:Core/Src/main.c ****   RCC_OscInitStruct.HSIState = RCC_HSI_ON;
 298              		.loc 1 123 36 is_stmt 0 view .LVU75
 299 0022 0223     		movs	r3, #2
 300 0024 0593     		str	r3, [sp, #20]
 124:Core/Src/main.c ****   RCC_OscInitStruct.HSIDiv = RCC_HSI_DIV1;
 301              		.loc 1 124 3 is_stmt 1 view .LVU76
 124:Core/Src/main.c ****   RCC_OscInitStruct.HSIDiv = RCC_HSI_DIV1;
 302              		.loc 1 124 30 is_stmt 0 view .LVU77
 303 0026 FE33     		adds	r3, r3, #254
 304 0028 0893     		str	r3, [sp, #32]
 125:Core/Src/main.c ****   RCC_OscInitStruct.HSICalibrationValue = RCC_HSICALIBRATION_DEFAULT;
 305              		.loc 1 125 3 is_stmt 1 view .LVU78
 125:Core/Src/main.c ****   RCC_OscInitStruct.HSICalibrationValue = RCC_HSICALIBRATION_DEFAULT;
 306              		.loc 1 125 28 is_stmt 0 view .LVU79
ARM GAS  C:\Users\Domagoj\AppData\Local\Temp\cc6DqhSJ.s 			page 15


 307 002a 0023     		movs	r3, #0
 308 002c 0993     		str	r3, [sp, #36]
 126:Core/Src/main.c ****   RCC_OscInitStruct.PLL.PLLState = RCC_PLL_NONE;
 309              		.loc 1 126 3 is_stmt 1 view .LVU80
 126:Core/Src/main.c ****   RCC_OscInitStruct.PLL.PLLState = RCC_PLL_NONE;
 310              		.loc 1 126 41 is_stmt 0 view .LVU81
 311 002e 4022     		movs	r2, #64
 312 0030 0A92     		str	r2, [sp, #40]
 127:Core/Src/main.c ****   if (HAL_RCC_OscConfig(&RCC_OscInitStruct) != HAL_OK)
 313              		.loc 1 127 3 is_stmt 1 view .LVU82
 127:Core/Src/main.c ****   if (HAL_RCC_OscConfig(&RCC_OscInitStruct) != HAL_OK)
 314              		.loc 1 127 34 is_stmt 0 view .LVU83
 315 0032 0D93     		str	r3, [sp, #52]
 128:Core/Src/main.c ****   {
 316              		.loc 1 128 3 is_stmt 1 view .LVU84
 128:Core/Src/main.c ****   {
 317              		.loc 1 128 7 is_stmt 0 view .LVU85
 318 0034 2000     		movs	r0, r4
 319 0036 FFF7FEFF 		bl	HAL_RCC_OscConfig
 320              	.LVL13:
 128:Core/Src/main.c ****   {
 321              		.loc 1 128 6 discriminator 1 view .LVU86
 322 003a 0028     		cmp	r0, #0
 323 003c 0DD1     		bne	.L20
 135:Core/Src/main.c ****                               |RCC_CLOCKTYPE_PCLK1;
 324              		.loc 1 135 3 is_stmt 1 view .LVU87
 135:Core/Src/main.c ****                               |RCC_CLOCKTYPE_PCLK1;
 325              		.loc 1 135 31 is_stmt 0 view .LVU88
 326 003e 01A8     		add	r0, sp, #4
 327 0040 0723     		movs	r3, #7
 328 0042 0193     		str	r3, [sp, #4]
 137:Core/Src/main.c ****   RCC_ClkInitStruct.AHBCLKDivider = RCC_SYSCLK_DIV1;
 329              		.loc 1 137 3 is_stmt 1 view .LVU89
 137:Core/Src/main.c ****   RCC_ClkInitStruct.AHBCLKDivider = RCC_SYSCLK_DIV1;
 330              		.loc 1 137 34 is_stmt 0 view .LVU90
 331 0044 0023     		movs	r3, #0
 332 0046 4360     		str	r3, [r0, #4]
 138:Core/Src/main.c ****   RCC_ClkInitStruct.APB1CLKDivider = RCC_HCLK_DIV1;
 333              		.loc 1 138 3 is_stmt 1 view .LVU91
 138:Core/Src/main.c ****   RCC_ClkInitStruct.APB1CLKDivider = RCC_HCLK_DIV1;
 334              		.loc 1 138 35 is_stmt 0 view .LVU92
 335 0048 8360     		str	r3, [r0, #8]
 139:Core/Src/main.c **** 
 336              		.loc 1 139 3 is_stmt 1 view .LVU93
 139:Core/Src/main.c **** 
 337              		.loc 1 139 36 is_stmt 0 view .LVU94
 338 004a C360     		str	r3, [r0, #12]
 141:Core/Src/main.c ****   {
 339              		.loc 1 141 3 is_stmt 1 view .LVU95
 141:Core/Src/main.c ****   {
 340              		.loc 1 141 7 is_stmt 0 view .LVU96
 341 004c 0021     		movs	r1, #0
 342 004e FFF7FEFF 		bl	HAL_RCC_ClockConfig
 343              	.LVL14:
 141:Core/Src/main.c ****   {
 344              		.loc 1 141 6 discriminator 1 view .LVU97
 345 0052 0028     		cmp	r0, #0
ARM GAS  C:\Users\Domagoj\AppData\Local\Temp\cc6DqhSJ.s 			page 16


 346 0054 03D1     		bne	.L21
 145:Core/Src/main.c **** 
 347              		.loc 1 145 1 view .LVU98
 348 0056 14B0     		add	sp, sp, #80
 349              		@ sp needed
 350 0058 10BD     		pop	{r4, pc}
 351              	.L20:
 130:Core/Src/main.c ****   }
 352              		.loc 1 130 5 is_stmt 1 view .LVU99
 353 005a FFF7FEFF 		bl	Error_Handler
 354              	.LVL15:
 355              	.L21:
 143:Core/Src/main.c ****   }
 356              		.loc 1 143 5 view .LVU100
 357 005e FFF7FEFF 		bl	Error_Handler
 358              	.LVL16:
 359              		.cfi_endproc
 360              	.LFE364:
 362              		.section	.text.main,"ax",%progbits
 363              		.align	1
 364              		.global	main
 365              		.syntax unified
 366              		.code	16
 367              		.thumb_func
 369              	main:
 370              	.LFB363:
  67:Core/Src/main.c **** 
 371              		.loc 1 67 1 view -0
 372              		.cfi_startproc
 373              		@ Volatile: function does not return.
 374              		@ args = 0, pretend = 0, frame = 0
 375              		@ frame_needed = 0, uses_anonymous_args = 0
 376 0000 10B5     		push	{r4, lr}
 377              	.LCFI5:
 378              		.cfi_def_cfa_offset 8
 379              		.cfi_offset 4, -8
 380              		.cfi_offset 14, -4
  76:Core/Src/main.c **** 
 381              		.loc 1 76 3 view .LVU102
 382 0002 FFF7FEFF 		bl	HAL_Init
 383              	.LVL17:
  83:Core/Src/main.c **** 
 384              		.loc 1 83 3 view .LVU103
 385 0006 FFF7FEFF 		bl	SystemClock_Config
 386              	.LVL18:
  90:Core/Src/main.c ****   MX_USART2_UART_Init();
 387              		.loc 1 90 3 view .LVU104
 388 000a FFF7FEFF 		bl	MX_GPIO_Init
 389              	.LVL19:
  91:Core/Src/main.c ****   /* USER CODE BEGIN 2 */
 390              		.loc 1 91 3 view .LVU105
 391 000e FFF7FEFF 		bl	MX_USART2_UART_Init
 392              	.LVL20:
 393              	.L23:
  98:Core/Src/main.c ****   {
 394              		.loc 1 98 3 view .LVU106
 103:Core/Src/main.c ****   /* USER CODE END 3 */
ARM GAS  C:\Users\Domagoj\AppData\Local\Temp\cc6DqhSJ.s 			page 17


 395              		.loc 1 103 3 view .LVU107
  98:Core/Src/main.c ****   {
 396              		.loc 1 98 9 view .LVU108
 397 0012 FEE7     		b	.L23
 398              		.cfi_endproc
 399              	.LFE363:
 401              		.global	huart2
 402              		.section	.bss.huart2,"aw",%nobits
 403              		.align	2
 406              	huart2:
 407 0000 00000000 		.space	148
 407      00000000 
 407      00000000 
 407      00000000 
 407      00000000 
 408              		.text
 409              	.Letext0:
 410              		.file 3 "C:\\ST\\STM32CubeIDE_2.2.0\\STM32CubeIDE\\plugins\\com.st.stm32cube.ide.mcu.externaltools
 411              		.file 4 "C:\\ST\\STM32CubeIDE_2.2.0\\STM32CubeIDE\\plugins\\com.st.stm32cube.ide.mcu.externaltools
 412              		.file 5 "Drivers/CMSIS/Device/ST/STM32G0xx/Include/stm32g0b1xx.h"
 413              		.file 6 "Drivers/STM32G0xx_HAL_Driver/Inc/stm32g0xx_hal_def.h"
 414              		.file 7 "Drivers/STM32G0xx_HAL_Driver/Inc/stm32g0xx_hal_rcc.h"
 415              		.file 8 "Drivers/STM32G0xx_HAL_Driver/Inc/stm32g0xx_hal_gpio.h"
 416              		.file 9 "Drivers/STM32G0xx_HAL_Driver/Inc/stm32g0xx_hal_dma.h"
 417              		.file 10 "Drivers/STM32G0xx_HAL_Driver/Inc/stm32g0xx_hal_uart.h"
 418              		.file 11 "Drivers/STM32G0xx_HAL_Driver/Inc/stm32g0xx_hal_pwr_ex.h"
 419              		.file 12 "Drivers/STM32G0xx_HAL_Driver/Inc/stm32g0xx_hal_uart_ex.h"
 420              		.file 13 "Drivers/STM32G0xx_HAL_Driver/Inc/stm32g0xx_ll_dma.h"
 421              		.file 14 "Drivers/STM32G0xx_HAL_Driver/Inc/stm32g0xx_hal.h"
 422              		.file 15 "<built-in>"
ARM GAS  C:\Users\Domagoj\AppData\Local\Temp\cc6DqhSJ.s 			page 18


DEFINED SYMBOLS
                            *ABS*:00000000 main.c
C:\Users\Domagoj\AppData\Local\Temp\cc6DqhSJ.s:19     .text.MX_GPIO_Init:00000000 $t
C:\Users\Domagoj\AppData\Local\Temp\cc6DqhSJ.s:24     .text.MX_GPIO_Init:00000000 MX_GPIO_Init
C:\Users\Domagoj\AppData\Local\Temp\cc6DqhSJ.s:97     .text.MX_GPIO_Init:00000044 $d
C:\Users\Domagoj\AppData\Local\Temp\cc6DqhSJ.s:103    .text.Error_Handler:00000000 $t
C:\Users\Domagoj\AppData\Local\Temp\cc6DqhSJ.s:109    .text.Error_Handler:00000000 Error_Handler
C:\Users\Domagoj\AppData\Local\Temp\cc6DqhSJ.s:141    .text.MX_USART2_UART_Init:00000000 $t
C:\Users\Domagoj\AppData\Local\Temp\cc6DqhSJ.s:146    .text.MX_USART2_UART_Init:00000000 MX_USART2_UART_Init
C:\Users\Domagoj\AppData\Local\Temp\cc6DqhSJ.s:251    .text.MX_USART2_UART_Init:00000060 $d
C:\Users\Domagoj\AppData\Local\Temp\cc6DqhSJ.s:406    .bss.huart2:00000000 huart2
C:\Users\Domagoj\AppData\Local\Temp\cc6DqhSJ.s:257    .text.SystemClock_Config:00000000 $t
C:\Users\Domagoj\AppData\Local\Temp\cc6DqhSJ.s:263    .text.SystemClock_Config:00000000 SystemClock_Config
C:\Users\Domagoj\AppData\Local\Temp\cc6DqhSJ.s:363    .text.main:00000000 $t
C:\Users\Domagoj\AppData\Local\Temp\cc6DqhSJ.s:369    .text.main:00000000 main
C:\Users\Domagoj\AppData\Local\Temp\cc6DqhSJ.s:403    .bss.huart2:00000000 $d

UNDEFINED SYMBOLS
memset
HAL_GPIO_Init
HAL_UART_Init
HAL_UARTEx_SetTxFifoThreshold
HAL_UARTEx_SetRxFifoThreshold
HAL_UARTEx_DisableFifoMode
HAL_PWREx_ControlVoltageScaling
HAL_RCC_OscConfig
HAL_RCC_ClockConfig
HAL_Init
