ARM GAS  C:\Users\Domagoj\AppData\Local\Temp\cc7FTdTK.s 			page 1


   1              		.cpu cortex-m0plus
   2              		.arch armv6s-m
   3              		.fpu softvfp
   4              		.eabi_attribute 20, 1
   5              		.eabi_attribute 21, 1
   6              		.eabi_attribute 23, 3
   7              		.eabi_attribute 24, 1
   8              		.eabi_attribute 25, 1
   9              		.eabi_attribute 26, 1
  10              		.eabi_attribute 30, 1
  11              		.eabi_attribute 34, 0
  12              		.eabi_attribute 18, 4
  13              		.file	"stm32g0xx_hal_pcd_ex.c"
  14              		.text
  15              	.Ltext0:
  16              		.cfi_sections	.debug_frame
  17              		.file 1 "Drivers/STM32G0xx_HAL_Driver/Src/stm32g0xx_hal_pcd_ex.c"
  18              		.section	.text.HAL_PCDEx_PMAConfig,"ax",%progbits
  19              		.align	1
  20              		.global	HAL_PCDEx_PMAConfig
  21              		.syntax unified
  22              		.code	16
  23              		.thumb_func
  25              	HAL_PCDEx_PMAConfig:
  26              	.LVL0:
  27              	.LFB366:
   1:Drivers/STM32G0xx_HAL_Driver/Src/stm32g0xx_hal_pcd_ex.c **** /**
   2:Drivers/STM32G0xx_HAL_Driver/Src/stm32g0xx_hal_pcd_ex.c ****   ******************************************************************************
   3:Drivers/STM32G0xx_HAL_Driver/Src/stm32g0xx_hal_pcd_ex.c ****   * @file    stm32g0xx_hal_pcd_ex.c
   4:Drivers/STM32G0xx_HAL_Driver/Src/stm32g0xx_hal_pcd_ex.c ****   * @author  MCD Application Team
   5:Drivers/STM32G0xx_HAL_Driver/Src/stm32g0xx_hal_pcd_ex.c ****   * @brief   PCD Extended HAL module driver.
   6:Drivers/STM32G0xx_HAL_Driver/Src/stm32g0xx_hal_pcd_ex.c ****   *          This file provides firmware functions to manage the following
   7:Drivers/STM32G0xx_HAL_Driver/Src/stm32g0xx_hal_pcd_ex.c ****   *          functionalities of the USB Peripheral Controller:
   8:Drivers/STM32G0xx_HAL_Driver/Src/stm32g0xx_hal_pcd_ex.c ****   *           + Extended features functions
   9:Drivers/STM32G0xx_HAL_Driver/Src/stm32g0xx_hal_pcd_ex.c ****   *
  10:Drivers/STM32G0xx_HAL_Driver/Src/stm32g0xx_hal_pcd_ex.c ****   ******************************************************************************
  11:Drivers/STM32G0xx_HAL_Driver/Src/stm32g0xx_hal_pcd_ex.c ****   * @attention
  12:Drivers/STM32G0xx_HAL_Driver/Src/stm32g0xx_hal_pcd_ex.c ****   *
  13:Drivers/STM32G0xx_HAL_Driver/Src/stm32g0xx_hal_pcd_ex.c ****   * Copyright (c) 2018 STMicroelectronics.
  14:Drivers/STM32G0xx_HAL_Driver/Src/stm32g0xx_hal_pcd_ex.c ****   * All rights reserved.
  15:Drivers/STM32G0xx_HAL_Driver/Src/stm32g0xx_hal_pcd_ex.c ****   *
  16:Drivers/STM32G0xx_HAL_Driver/Src/stm32g0xx_hal_pcd_ex.c ****   * This software is licensed under terms that can be found in the LICENSE file
  17:Drivers/STM32G0xx_HAL_Driver/Src/stm32g0xx_hal_pcd_ex.c ****   * in the root directory of this software component.
  18:Drivers/STM32G0xx_HAL_Driver/Src/stm32g0xx_hal_pcd_ex.c ****   * If no LICENSE file comes with this software, it is provided AS-IS.
  19:Drivers/STM32G0xx_HAL_Driver/Src/stm32g0xx_hal_pcd_ex.c ****   *
  20:Drivers/STM32G0xx_HAL_Driver/Src/stm32g0xx_hal_pcd_ex.c ****   ******************************************************************************
  21:Drivers/STM32G0xx_HAL_Driver/Src/stm32g0xx_hal_pcd_ex.c ****   */
  22:Drivers/STM32G0xx_HAL_Driver/Src/stm32g0xx_hal_pcd_ex.c **** 
  23:Drivers/STM32G0xx_HAL_Driver/Src/stm32g0xx_hal_pcd_ex.c **** /* Includes ------------------------------------------------------------------*/
  24:Drivers/STM32G0xx_HAL_Driver/Src/stm32g0xx_hal_pcd_ex.c **** #include "stm32g0xx_hal.h"
  25:Drivers/STM32G0xx_HAL_Driver/Src/stm32g0xx_hal_pcd_ex.c **** 
  26:Drivers/STM32G0xx_HAL_Driver/Src/stm32g0xx_hal_pcd_ex.c **** /** @addtogroup STM32G0xx_HAL_Driver
  27:Drivers/STM32G0xx_HAL_Driver/Src/stm32g0xx_hal_pcd_ex.c ****   * @{
  28:Drivers/STM32G0xx_HAL_Driver/Src/stm32g0xx_hal_pcd_ex.c ****   */
  29:Drivers/STM32G0xx_HAL_Driver/Src/stm32g0xx_hal_pcd_ex.c **** 
  30:Drivers/STM32G0xx_HAL_Driver/Src/stm32g0xx_hal_pcd_ex.c **** /** @defgroup PCDEx PCDEx
  31:Drivers/STM32G0xx_HAL_Driver/Src/stm32g0xx_hal_pcd_ex.c ****   * @brief PCD Extended HAL module driver
ARM GAS  C:\Users\Domagoj\AppData\Local\Temp\cc7FTdTK.s 			page 2


  32:Drivers/STM32G0xx_HAL_Driver/Src/stm32g0xx_hal_pcd_ex.c ****   * @{
  33:Drivers/STM32G0xx_HAL_Driver/Src/stm32g0xx_hal_pcd_ex.c ****   */
  34:Drivers/STM32G0xx_HAL_Driver/Src/stm32g0xx_hal_pcd_ex.c **** 
  35:Drivers/STM32G0xx_HAL_Driver/Src/stm32g0xx_hal_pcd_ex.c **** #ifdef HAL_PCD_MODULE_ENABLED
  36:Drivers/STM32G0xx_HAL_Driver/Src/stm32g0xx_hal_pcd_ex.c **** 
  37:Drivers/STM32G0xx_HAL_Driver/Src/stm32g0xx_hal_pcd_ex.c **** #if defined (USB_DRD_FS)
  38:Drivers/STM32G0xx_HAL_Driver/Src/stm32g0xx_hal_pcd_ex.c **** /* Private types -------------------------------------------------------------*/
  39:Drivers/STM32G0xx_HAL_Driver/Src/stm32g0xx_hal_pcd_ex.c **** /* Private variables ---------------------------------------------------------*/
  40:Drivers/STM32G0xx_HAL_Driver/Src/stm32g0xx_hal_pcd_ex.c **** /* Private constants ---------------------------------------------------------*/
  41:Drivers/STM32G0xx_HAL_Driver/Src/stm32g0xx_hal_pcd_ex.c **** /* Private macros ------------------------------------------------------------*/
  42:Drivers/STM32G0xx_HAL_Driver/Src/stm32g0xx_hal_pcd_ex.c **** /* Private functions ---------------------------------------------------------*/
  43:Drivers/STM32G0xx_HAL_Driver/Src/stm32g0xx_hal_pcd_ex.c **** /* Exported functions --------------------------------------------------------*/
  44:Drivers/STM32G0xx_HAL_Driver/Src/stm32g0xx_hal_pcd_ex.c **** 
  45:Drivers/STM32G0xx_HAL_Driver/Src/stm32g0xx_hal_pcd_ex.c **** /** @defgroup PCDEx_Exported_Functions PCDEx Exported Functions
  46:Drivers/STM32G0xx_HAL_Driver/Src/stm32g0xx_hal_pcd_ex.c ****   * @{
  47:Drivers/STM32G0xx_HAL_Driver/Src/stm32g0xx_hal_pcd_ex.c ****   */
  48:Drivers/STM32G0xx_HAL_Driver/Src/stm32g0xx_hal_pcd_ex.c **** 
  49:Drivers/STM32G0xx_HAL_Driver/Src/stm32g0xx_hal_pcd_ex.c **** /** @defgroup PCDEx_Exported_Functions_Group1 Peripheral Control functions
  50:Drivers/STM32G0xx_HAL_Driver/Src/stm32g0xx_hal_pcd_ex.c ****   * @brief    PCDEx control functions
  51:Drivers/STM32G0xx_HAL_Driver/Src/stm32g0xx_hal_pcd_ex.c ****   *
  52:Drivers/STM32G0xx_HAL_Driver/Src/stm32g0xx_hal_pcd_ex.c **** @verbatim
  53:Drivers/STM32G0xx_HAL_Driver/Src/stm32g0xx_hal_pcd_ex.c ****  ===============================================================================
  54:Drivers/STM32G0xx_HAL_Driver/Src/stm32g0xx_hal_pcd_ex.c ****                  ##### Extended features functions #####
  55:Drivers/STM32G0xx_HAL_Driver/Src/stm32g0xx_hal_pcd_ex.c ****  ===============================================================================
  56:Drivers/STM32G0xx_HAL_Driver/Src/stm32g0xx_hal_pcd_ex.c ****     [..]  This section provides functions allowing to:
  57:Drivers/STM32G0xx_HAL_Driver/Src/stm32g0xx_hal_pcd_ex.c ****       (+) Update FIFO configuration
  58:Drivers/STM32G0xx_HAL_Driver/Src/stm32g0xx_hal_pcd_ex.c **** 
  59:Drivers/STM32G0xx_HAL_Driver/Src/stm32g0xx_hal_pcd_ex.c **** @endverbatim
  60:Drivers/STM32G0xx_HAL_Driver/Src/stm32g0xx_hal_pcd_ex.c ****   * @{
  61:Drivers/STM32G0xx_HAL_Driver/Src/stm32g0xx_hal_pcd_ex.c ****   */
  62:Drivers/STM32G0xx_HAL_Driver/Src/stm32g0xx_hal_pcd_ex.c **** 
  63:Drivers/STM32G0xx_HAL_Driver/Src/stm32g0xx_hal_pcd_ex.c **** /**
  64:Drivers/STM32G0xx_HAL_Driver/Src/stm32g0xx_hal_pcd_ex.c ****   * @brief  Configure PMA for EP
  65:Drivers/STM32G0xx_HAL_Driver/Src/stm32g0xx_hal_pcd_ex.c ****   * @param  hpcd  Device instance
  66:Drivers/STM32G0xx_HAL_Driver/Src/stm32g0xx_hal_pcd_ex.c ****   * @param  ep_addr endpoint address
  67:Drivers/STM32G0xx_HAL_Driver/Src/stm32g0xx_hal_pcd_ex.c ****   * @param  ep_kind endpoint Kind
  68:Drivers/STM32G0xx_HAL_Driver/Src/stm32g0xx_hal_pcd_ex.c ****   *                  USB_SNG_BUF: Single Buffer used
  69:Drivers/STM32G0xx_HAL_Driver/Src/stm32g0xx_hal_pcd_ex.c ****   *                  USB_DBL_BUF: Double Buffer used
  70:Drivers/STM32G0xx_HAL_Driver/Src/stm32g0xx_hal_pcd_ex.c ****   * @param  pmaadress: EP address in The PMA: In case of single buffer endpoint
  71:Drivers/STM32G0xx_HAL_Driver/Src/stm32g0xx_hal_pcd_ex.c ****   *                   this parameter is 16-bit value providing the address
  72:Drivers/STM32G0xx_HAL_Driver/Src/stm32g0xx_hal_pcd_ex.c ****   *                   in PMA allocated to endpoint.
  73:Drivers/STM32G0xx_HAL_Driver/Src/stm32g0xx_hal_pcd_ex.c ****   *                   In case of double buffer endpoint this parameter
  74:Drivers/STM32G0xx_HAL_Driver/Src/stm32g0xx_hal_pcd_ex.c ****   *                   is a 32-bit value providing the endpoint buffer 0 address
  75:Drivers/STM32G0xx_HAL_Driver/Src/stm32g0xx_hal_pcd_ex.c ****   *                   in the LSB part of 32-bit value and endpoint buffer 1 address
  76:Drivers/STM32G0xx_HAL_Driver/Src/stm32g0xx_hal_pcd_ex.c ****   *                   in the MSB part of 32-bit value.
  77:Drivers/STM32G0xx_HAL_Driver/Src/stm32g0xx_hal_pcd_ex.c ****   * @retval HAL status
  78:Drivers/STM32G0xx_HAL_Driver/Src/stm32g0xx_hal_pcd_ex.c ****   */
  79:Drivers/STM32G0xx_HAL_Driver/Src/stm32g0xx_hal_pcd_ex.c **** 
  80:Drivers/STM32G0xx_HAL_Driver/Src/stm32g0xx_hal_pcd_ex.c **** HAL_StatusTypeDef  HAL_PCDEx_PMAConfig(PCD_HandleTypeDef *hpcd, uint16_t ep_addr,
  81:Drivers/STM32G0xx_HAL_Driver/Src/stm32g0xx_hal_pcd_ex.c ****                                        uint16_t ep_kind, uint32_t pmaadress)
  82:Drivers/STM32G0xx_HAL_Driver/Src/stm32g0xx_hal_pcd_ex.c **** {
  28              		.loc 1 82 1 view -0
  29              		.cfi_startproc
  30              		@ args = 0, pretend = 0, frame = 0
  31              		@ frame_needed = 0, uses_anonymous_args = 0
  32              		.loc 1 82 1 is_stmt 0 view .LVU1
  33 0000 10B5     		push	{r4, lr}
ARM GAS  C:\Users\Domagoj\AppData\Local\Temp\cc7FTdTK.s 			page 3


  34              	.LCFI0:
  35              		.cfi_def_cfa_offset 8
  36              		.cfi_offset 4, -8
  37              		.cfi_offset 14, -4
  83:Drivers/STM32G0xx_HAL_Driver/Src/stm32g0xx_hal_pcd_ex.c ****   PCD_EPTypeDef *ep;
  38              		.loc 1 83 3 is_stmt 1 view .LVU2
  84:Drivers/STM32G0xx_HAL_Driver/Src/stm32g0xx_hal_pcd_ex.c **** 
  85:Drivers/STM32G0xx_HAL_Driver/Src/stm32g0xx_hal_pcd_ex.c ****   /* Initialize ep structure */
  86:Drivers/STM32G0xx_HAL_Driver/Src/stm32g0xx_hal_pcd_ex.c ****   if ((0x80U & ep_addr) == 0x80U)
  39              		.loc 1 86 3 view .LVU3
  40              		.loc 1 86 6 is_stmt 0 view .LVU4
  41 0002 0C06     		lsls	r4, r1, #24
  42 0004 0DD5     		bpl	.L2
  87:Drivers/STM32G0xx_HAL_Driver/Src/stm32g0xx_hal_pcd_ex.c ****   {
  88:Drivers/STM32G0xx_HAL_Driver/Src/stm32g0xx_hal_pcd_ex.c ****     ep = &hpcd->IN_ep[ep_addr & EP_ADDR_MSK];
  43              		.loc 1 88 5 is_stmt 1 view .LVU5
  44              		.loc 1 88 31 is_stmt 0 view .LVU6
  45 0006 0724     		movs	r4, #7
  46 0008 0C40     		ands	r4, r1
  47              		.loc 1 88 8 view .LVU7
  48 000a A100     		lsls	r1, r4, #2
  49              	.LVL1:
  50              		.loc 1 88 8 view .LVU8
  51 000c 0919     		adds	r1, r1, r4
  52 000e C900     		lsls	r1, r1, #3
  53 0010 1031     		adds	r1, r1, #16
  54 0012 4018     		adds	r0, r0, r1
  55              	.LVL2:
  56              		.loc 1 88 8 view .LVU9
  57 0014 0430     		adds	r0, r0, #4
  58              	.LVL3:
  59              	.L3:
  89:Drivers/STM32G0xx_HAL_Driver/Src/stm32g0xx_hal_pcd_ex.c ****   }
  90:Drivers/STM32G0xx_HAL_Driver/Src/stm32g0xx_hal_pcd_ex.c ****   else
  91:Drivers/STM32G0xx_HAL_Driver/Src/stm32g0xx_hal_pcd_ex.c ****   {
  92:Drivers/STM32G0xx_HAL_Driver/Src/stm32g0xx_hal_pcd_ex.c ****     ep = &hpcd->OUT_ep[ep_addr];
  93:Drivers/STM32G0xx_HAL_Driver/Src/stm32g0xx_hal_pcd_ex.c ****   }
  94:Drivers/STM32G0xx_HAL_Driver/Src/stm32g0xx_hal_pcd_ex.c **** 
  95:Drivers/STM32G0xx_HAL_Driver/Src/stm32g0xx_hal_pcd_ex.c ****   /* Here we check if the endpoint is single or double Buffer*/
  96:Drivers/STM32G0xx_HAL_Driver/Src/stm32g0xx_hal_pcd_ex.c ****   if (ep_kind == PCD_SNG_BUF)
  60              		.loc 1 96 3 is_stmt 1 view .LVU10
  61              		.loc 1 96 6 is_stmt 0 view .LVU11
  62 0016 002A     		cmp	r2, #0
  63 0018 0BD1     		bne	.L4
  97:Drivers/STM32G0xx_HAL_Driver/Src/stm32g0xx_hal_pcd_ex.c ****   {
  98:Drivers/STM32G0xx_HAL_Driver/Src/stm32g0xx_hal_pcd_ex.c ****     /* Single Buffer */
  99:Drivers/STM32G0xx_HAL_Driver/Src/stm32g0xx_hal_pcd_ex.c ****     ep->doublebuffer = 0U;
  64              		.loc 1 99 5 is_stmt 1 view .LVU12
  65              		.loc 1 99 22 is_stmt 0 view .LVU13
  66 001a 0273     		strb	r2, [r0, #12]
 100:Drivers/STM32G0xx_HAL_Driver/Src/stm32g0xx_hal_pcd_ex.c **** 
 101:Drivers/STM32G0xx_HAL_Driver/Src/stm32g0xx_hal_pcd_ex.c ****     /* Configure the PMA */
 102:Drivers/STM32G0xx_HAL_Driver/Src/stm32g0xx_hal_pcd_ex.c ****     ep->pmaadress = (uint16_t)pmaadress;
  67              		.loc 1 102 5 is_stmt 1 view .LVU14
  68              		.loc 1 102 19 is_stmt 0 view .LVU15
  69 001c C380     		strh	r3, [r0, #6]
  70              	.LVL4:
ARM GAS  C:\Users\Domagoj\AppData\Local\Temp\cc7FTdTK.s 			page 4


  71              	.L5:
 103:Drivers/STM32G0xx_HAL_Driver/Src/stm32g0xx_hal_pcd_ex.c ****   }
 104:Drivers/STM32G0xx_HAL_Driver/Src/stm32g0xx_hal_pcd_ex.c **** #if (USE_USB_DOUBLE_BUFFER == 1U)
 105:Drivers/STM32G0xx_HAL_Driver/Src/stm32g0xx_hal_pcd_ex.c ****   else /* USB_DBL_BUF */
 106:Drivers/STM32G0xx_HAL_Driver/Src/stm32g0xx_hal_pcd_ex.c ****   {
 107:Drivers/STM32G0xx_HAL_Driver/Src/stm32g0xx_hal_pcd_ex.c ****     /* Double Buffer Endpoint */
 108:Drivers/STM32G0xx_HAL_Driver/Src/stm32g0xx_hal_pcd_ex.c ****     ep->doublebuffer = 1U;
 109:Drivers/STM32G0xx_HAL_Driver/Src/stm32g0xx_hal_pcd_ex.c **** 
 110:Drivers/STM32G0xx_HAL_Driver/Src/stm32g0xx_hal_pcd_ex.c ****     /* Configure the PMA */
 111:Drivers/STM32G0xx_HAL_Driver/Src/stm32g0xx_hal_pcd_ex.c ****     ep->pmaaddr0 = (uint16_t)(pmaadress & 0xFFFFU);
 112:Drivers/STM32G0xx_HAL_Driver/Src/stm32g0xx_hal_pcd_ex.c ****     ep->pmaaddr1 = (uint16_t)((pmaadress & 0xFFFF0000U) >> 16);
 113:Drivers/STM32G0xx_HAL_Driver/Src/stm32g0xx_hal_pcd_ex.c ****   }
 114:Drivers/STM32G0xx_HAL_Driver/Src/stm32g0xx_hal_pcd_ex.c **** #endif /* (USE_USB_DOUBLE_BUFFER == 1U) */
 115:Drivers/STM32G0xx_HAL_Driver/Src/stm32g0xx_hal_pcd_ex.c **** 
 116:Drivers/STM32G0xx_HAL_Driver/Src/stm32g0xx_hal_pcd_ex.c ****   return HAL_OK;
  72              		.loc 1 116 3 is_stmt 1 view .LVU16
 117:Drivers/STM32G0xx_HAL_Driver/Src/stm32g0xx_hal_pcd_ex.c **** }
  73              		.loc 1 117 1 is_stmt 0 view .LVU17
  74 001e 0020     		movs	r0, #0
  75              	.LVL5:
  76              		.loc 1 117 1 view .LVU18
  77              		@ sp needed
  78 0020 10BD     		pop	{r4, pc}
  79              	.LVL6:
  80              	.L2:
  92:Drivers/STM32G0xx_HAL_Driver/Src/stm32g0xx_hal_pcd_ex.c ****   }
  81              		.loc 1 92 5 is_stmt 1 view .LVU19
  92:Drivers/STM32G0xx_HAL_Driver/Src/stm32g0xx_hal_pcd_ex.c ****   }
  82              		.loc 1 92 8 is_stmt 0 view .LVU20
  83 0022 8C00     		lsls	r4, r1, #2
  84 0024 6118     		adds	r1, r4, r1
  85              	.LVL7:
  92:Drivers/STM32G0xx_HAL_Driver/Src/stm32g0xx_hal_pcd_ex.c ****   }
  86              		.loc 1 92 8 view .LVU21
  87 0026 C900     		lsls	r1, r1, #3
  88 0028 5131     		adds	r1, r1, #81
  89 002a FF31     		adds	r1, r1, #255
  90 002c 4018     		adds	r0, r0, r1
  91              	.LVL8:
  92:Drivers/STM32G0xx_HAL_Driver/Src/stm32g0xx_hal_pcd_ex.c ****   }
  92              		.loc 1 92 8 view .LVU22
  93 002e 0430     		adds	r0, r0, #4
  94 0030 F1E7     		b	.L3
  95              	.LVL9:
  96              	.L4:
 108:Drivers/STM32G0xx_HAL_Driver/Src/stm32g0xx_hal_pcd_ex.c **** 
  97              		.loc 1 108 5 is_stmt 1 view .LVU23
 108:Drivers/STM32G0xx_HAL_Driver/Src/stm32g0xx_hal_pcd_ex.c **** 
  98              		.loc 1 108 22 is_stmt 0 view .LVU24
  99 0032 0122     		movs	r2, #1
 100              	.LVL10:
 108:Drivers/STM32G0xx_HAL_Driver/Src/stm32g0xx_hal_pcd_ex.c **** 
 101              		.loc 1 108 22 view .LVU25
 102 0034 0273     		strb	r2, [r0, #12]
 111:Drivers/STM32G0xx_HAL_Driver/Src/stm32g0xx_hal_pcd_ex.c ****     ep->pmaaddr1 = (uint16_t)((pmaadress & 0xFFFF0000U) >> 16);
 103              		.loc 1 111 5 is_stmt 1 view .LVU26
 111:Drivers/STM32G0xx_HAL_Driver/Src/stm32g0xx_hal_pcd_ex.c ****     ep->pmaaddr1 = (uint16_t)((pmaadress & 0xFFFF0000U) >> 16);
ARM GAS  C:\Users\Domagoj\AppData\Local\Temp\cc7FTdTK.s 			page 5


 104              		.loc 1 111 18 is_stmt 0 view .LVU27
 105 0036 0381     		strh	r3, [r0, #8]
 112:Drivers/STM32G0xx_HAL_Driver/Src/stm32g0xx_hal_pcd_ex.c ****   }
 106              		.loc 1 112 5 is_stmt 1 view .LVU28
 112:Drivers/STM32G0xx_HAL_Driver/Src/stm32g0xx_hal_pcd_ex.c ****   }
 107              		.loc 1 112 20 is_stmt 0 view .LVU29
 108 0038 1B0C     		lsrs	r3, r3, #16
 109              	.LVL11:
 112:Drivers/STM32G0xx_HAL_Driver/Src/stm32g0xx_hal_pcd_ex.c ****   }
 110              		.loc 1 112 18 view .LVU30
 111 003a 4381     		strh	r3, [r0, #10]
 112 003c EFE7     		b	.L5
 113              		.cfi_endproc
 114              	.LFE366:
 116              		.section	.text.HAL_PCDEx_ActivateBCD,"ax",%progbits
 117              		.align	1
 118              		.global	HAL_PCDEx_ActivateBCD
 119              		.syntax unified
 120              		.code	16
 121              		.thumb_func
 123              	HAL_PCDEx_ActivateBCD:
 124              	.LVL12:
 125              	.LFB367:
 118:Drivers/STM32G0xx_HAL_Driver/Src/stm32g0xx_hal_pcd_ex.c **** 
 119:Drivers/STM32G0xx_HAL_Driver/Src/stm32g0xx_hal_pcd_ex.c **** /**
 120:Drivers/STM32G0xx_HAL_Driver/Src/stm32g0xx_hal_pcd_ex.c ****   * @brief  Activate BatteryCharging feature.
 121:Drivers/STM32G0xx_HAL_Driver/Src/stm32g0xx_hal_pcd_ex.c ****   * @param  hpcd PCD handle
 122:Drivers/STM32G0xx_HAL_Driver/Src/stm32g0xx_hal_pcd_ex.c ****   * @retval HAL status
 123:Drivers/STM32G0xx_HAL_Driver/Src/stm32g0xx_hal_pcd_ex.c ****   */
 124:Drivers/STM32G0xx_HAL_Driver/Src/stm32g0xx_hal_pcd_ex.c **** HAL_StatusTypeDef HAL_PCDEx_ActivateBCD(PCD_HandleTypeDef *hpcd)
 125:Drivers/STM32G0xx_HAL_Driver/Src/stm32g0xx_hal_pcd_ex.c **** {
 126              		.loc 1 125 1 is_stmt 1 view -0
 127              		.cfi_startproc
 128              		@ args = 0, pretend = 0, frame = 0
 129              		@ frame_needed = 0, uses_anonymous_args = 0
 130              		@ link register save eliminated.
 126:Drivers/STM32G0xx_HAL_Driver/Src/stm32g0xx_hal_pcd_ex.c ****   USB_DRD_TypeDef *USBx = hpcd->Instance;
 131              		.loc 1 126 3 view .LVU32
 132              		.loc 1 126 20 is_stmt 0 view .LVU33
 133 0000 0368     		ldr	r3, [r0]
 134              	.LVL13:
 127:Drivers/STM32G0xx_HAL_Driver/Src/stm32g0xx_hal_pcd_ex.c ****   hpcd->battery_charging_active = 1U;
 135              		.loc 1 127 3 is_stmt 1 view .LVU34
 136              		.loc 1 127 33 is_stmt 0 view .LVU35
 137 0002 0121     		movs	r1, #1
 138 0004 B622     		movs	r2, #182
 139 0006 9200     		lsls	r2, r2, #2
 140 0008 8150     		str	r1, [r0, r2]
 128:Drivers/STM32G0xx_HAL_Driver/Src/stm32g0xx_hal_pcd_ex.c **** 
 129:Drivers/STM32G0xx_HAL_Driver/Src/stm32g0xx_hal_pcd_ex.c ****   USBx->BCDR &= ~(USB_BCDR_PDEN);
 141              		.loc 1 129 3 is_stmt 1 view .LVU36
 142              		.loc 1 129 7 is_stmt 0 view .LVU37
 143 000a 9A6D     		ldr	r2, [r3, #88]
 144              		.loc 1 129 14 view .LVU38
 145 000c 0420     		movs	r0, #4
 146              	.LVL14:
 147              		.loc 1 129 14 view .LVU39
ARM GAS  C:\Users\Domagoj\AppData\Local\Temp\cc7FTdTK.s 			page 6


 148 000e 8243     		bics	r2, r0
 149 0010 9A65     		str	r2, [r3, #88]
 130:Drivers/STM32G0xx_HAL_Driver/Src/stm32g0xx_hal_pcd_ex.c ****   USBx->BCDR &= ~(USB_BCDR_SDEN);
 150              		.loc 1 130 3 is_stmt 1 view .LVU40
 151              		.loc 1 130 7 is_stmt 0 view .LVU41
 152 0012 9A6D     		ldr	r2, [r3, #88]
 153              		.loc 1 130 14 view .LVU42
 154 0014 0430     		adds	r0, r0, #4
 155 0016 8243     		bics	r2, r0
 156 0018 9A65     		str	r2, [r3, #88]
 131:Drivers/STM32G0xx_HAL_Driver/Src/stm32g0xx_hal_pcd_ex.c **** 
 132:Drivers/STM32G0xx_HAL_Driver/Src/stm32g0xx_hal_pcd_ex.c ****   /* Enable BCD feature */
 133:Drivers/STM32G0xx_HAL_Driver/Src/stm32g0xx_hal_pcd_ex.c ****   USBx->BCDR |= USB_BCDR_BCDEN;
 157              		.loc 1 133 3 is_stmt 1 view .LVU43
 158              		.loc 1 133 7 is_stmt 0 view .LVU44
 159 001a 9A6D     		ldr	r2, [r3, #88]
 160              		.loc 1 133 14 view .LVU45
 161 001c 0A43     		orrs	r2, r1
 162 001e 9A65     		str	r2, [r3, #88]
 134:Drivers/STM32G0xx_HAL_Driver/Src/stm32g0xx_hal_pcd_ex.c **** 
 135:Drivers/STM32G0xx_HAL_Driver/Src/stm32g0xx_hal_pcd_ex.c ****   return HAL_OK;
 163              		.loc 1 135 3 is_stmt 1 view .LVU46
 136:Drivers/STM32G0xx_HAL_Driver/Src/stm32g0xx_hal_pcd_ex.c **** }
 164              		.loc 1 136 1 is_stmt 0 view .LVU47
 165 0020 0020     		movs	r0, #0
 166              		@ sp needed
 167 0022 7047     		bx	lr
 168              		.cfi_endproc
 169              	.LFE367:
 171              		.section	.text.HAL_PCDEx_DeActivateBCD,"ax",%progbits
 172              		.align	1
 173              		.global	HAL_PCDEx_DeActivateBCD
 174              		.syntax unified
 175              		.code	16
 176              		.thumb_func
 178              	HAL_PCDEx_DeActivateBCD:
 179              	.LVL15:
 180              	.LFB368:
 137:Drivers/STM32G0xx_HAL_Driver/Src/stm32g0xx_hal_pcd_ex.c **** 
 138:Drivers/STM32G0xx_HAL_Driver/Src/stm32g0xx_hal_pcd_ex.c **** /**
 139:Drivers/STM32G0xx_HAL_Driver/Src/stm32g0xx_hal_pcd_ex.c ****   * @brief  Deactivate BatteryCharging feature.
 140:Drivers/STM32G0xx_HAL_Driver/Src/stm32g0xx_hal_pcd_ex.c ****   * @param  hpcd PCD handle
 141:Drivers/STM32G0xx_HAL_Driver/Src/stm32g0xx_hal_pcd_ex.c ****   * @retval HAL status
 142:Drivers/STM32G0xx_HAL_Driver/Src/stm32g0xx_hal_pcd_ex.c ****   */
 143:Drivers/STM32G0xx_HAL_Driver/Src/stm32g0xx_hal_pcd_ex.c **** HAL_StatusTypeDef HAL_PCDEx_DeActivateBCD(PCD_HandleTypeDef *hpcd)
 144:Drivers/STM32G0xx_HAL_Driver/Src/stm32g0xx_hal_pcd_ex.c **** {
 181              		.loc 1 144 1 is_stmt 1 view -0
 182              		.cfi_startproc
 183              		@ args = 0, pretend = 0, frame = 0
 184              		@ frame_needed = 0, uses_anonymous_args = 0
 185              		@ link register save eliminated.
 145:Drivers/STM32G0xx_HAL_Driver/Src/stm32g0xx_hal_pcd_ex.c ****   USB_DRD_TypeDef *USBx = hpcd->Instance;
 186              		.loc 1 145 3 view .LVU49
 187              		.loc 1 145 20 is_stmt 0 view .LVU50
 188 0000 0268     		ldr	r2, [r0]
 189              	.LVL16:
 146:Drivers/STM32G0xx_HAL_Driver/Src/stm32g0xx_hal_pcd_ex.c ****   hpcd->battery_charging_active = 0U;
ARM GAS  C:\Users\Domagoj\AppData\Local\Temp\cc7FTdTK.s 			page 7


 190              		.loc 1 146 3 is_stmt 1 view .LVU51
 191              		.loc 1 146 33 is_stmt 0 view .LVU52
 192 0002 B623     		movs	r3, #182
 193 0004 9B00     		lsls	r3, r3, #2
 194 0006 0021     		movs	r1, #0
 195 0008 C150     		str	r1, [r0, r3]
 147:Drivers/STM32G0xx_HAL_Driver/Src/stm32g0xx_hal_pcd_ex.c **** 
 148:Drivers/STM32G0xx_HAL_Driver/Src/stm32g0xx_hal_pcd_ex.c ****   /* Disable BCD feature */
 149:Drivers/STM32G0xx_HAL_Driver/Src/stm32g0xx_hal_pcd_ex.c ****   USBx->BCDR &= ~(USB_BCDR_BCDEN);
 196              		.loc 1 149 3 is_stmt 1 view .LVU53
 197              		.loc 1 149 7 is_stmt 0 view .LVU54
 198 000a 936D     		ldr	r3, [r2, #88]
 199              		.loc 1 149 14 view .LVU55
 200 000c 0131     		adds	r1, r1, #1
 201 000e 8B43     		bics	r3, r1
 202 0010 9365     		str	r3, [r2, #88]
 150:Drivers/STM32G0xx_HAL_Driver/Src/stm32g0xx_hal_pcd_ex.c **** 
 151:Drivers/STM32G0xx_HAL_Driver/Src/stm32g0xx_hal_pcd_ex.c ****   return HAL_OK;
 203              		.loc 1 151 3 is_stmt 1 view .LVU56
 152:Drivers/STM32G0xx_HAL_Driver/Src/stm32g0xx_hal_pcd_ex.c **** }
 204              		.loc 1 152 1 is_stmt 0 view .LVU57
 205 0012 0020     		movs	r0, #0
 206              	.LVL17:
 207              		.loc 1 152 1 view .LVU58
 208              		@ sp needed
 209 0014 7047     		bx	lr
 210              		.cfi_endproc
 211              	.LFE368:
 213              		.section	.text.HAL_PCDEx_ActivateLPM,"ax",%progbits
 214              		.align	1
 215              		.global	HAL_PCDEx_ActivateLPM
 216              		.syntax unified
 217              		.code	16
 218              		.thumb_func
 220              	HAL_PCDEx_ActivateLPM:
 221              	.LVL18:
 222              	.LFB370:
 153:Drivers/STM32G0xx_HAL_Driver/Src/stm32g0xx_hal_pcd_ex.c **** 
 154:Drivers/STM32G0xx_HAL_Driver/Src/stm32g0xx_hal_pcd_ex.c **** /**
 155:Drivers/STM32G0xx_HAL_Driver/Src/stm32g0xx_hal_pcd_ex.c ****   * @brief  Handle BatteryCharging Process.
 156:Drivers/STM32G0xx_HAL_Driver/Src/stm32g0xx_hal_pcd_ex.c ****   * @param  hpcd PCD handle
 157:Drivers/STM32G0xx_HAL_Driver/Src/stm32g0xx_hal_pcd_ex.c ****   * @retval HAL status
 158:Drivers/STM32G0xx_HAL_Driver/Src/stm32g0xx_hal_pcd_ex.c ****   */
 159:Drivers/STM32G0xx_HAL_Driver/Src/stm32g0xx_hal_pcd_ex.c **** void HAL_PCDEx_BCD_VBUSDetect(PCD_HandleTypeDef *hpcd)
 160:Drivers/STM32G0xx_HAL_Driver/Src/stm32g0xx_hal_pcd_ex.c **** {
 161:Drivers/STM32G0xx_HAL_Driver/Src/stm32g0xx_hal_pcd_ex.c ****   USB_DRD_TypeDef *USBx = hpcd->Instance;
 162:Drivers/STM32G0xx_HAL_Driver/Src/stm32g0xx_hal_pcd_ex.c ****   uint32_t tickstart = HAL_GetTick();
 163:Drivers/STM32G0xx_HAL_Driver/Src/stm32g0xx_hal_pcd_ex.c **** 
 164:Drivers/STM32G0xx_HAL_Driver/Src/stm32g0xx_hal_pcd_ex.c ****   /* Wait for Min DCD Timeout */
 165:Drivers/STM32G0xx_HAL_Driver/Src/stm32g0xx_hal_pcd_ex.c ****   HAL_Delay(350U);
 166:Drivers/STM32G0xx_HAL_Driver/Src/stm32g0xx_hal_pcd_ex.c **** 
 167:Drivers/STM32G0xx_HAL_Driver/Src/stm32g0xx_hal_pcd_ex.c ****   /* Primary detection: checks if connected to Standard Downstream Port
 168:Drivers/STM32G0xx_HAL_Driver/Src/stm32g0xx_hal_pcd_ex.c ****   (without charging capability) */
 169:Drivers/STM32G0xx_HAL_Driver/Src/stm32g0xx_hal_pcd_ex.c ****   USBx->BCDR |= (USB_BCDR_PDEN);
 170:Drivers/STM32G0xx_HAL_Driver/Src/stm32g0xx_hal_pcd_ex.c ****   HAL_Delay(50U);
 171:Drivers/STM32G0xx_HAL_Driver/Src/stm32g0xx_hal_pcd_ex.c **** 
 172:Drivers/STM32G0xx_HAL_Driver/Src/stm32g0xx_hal_pcd_ex.c ****   /* If Charger detect ? */
ARM GAS  C:\Users\Domagoj\AppData\Local\Temp\cc7FTdTK.s 			page 8


 173:Drivers/STM32G0xx_HAL_Driver/Src/stm32g0xx_hal_pcd_ex.c ****   if ((USBx->BCDR & USB_BCDR_PDET) == USB_BCDR_PDET)
 174:Drivers/STM32G0xx_HAL_Driver/Src/stm32g0xx_hal_pcd_ex.c ****   {
 175:Drivers/STM32G0xx_HAL_Driver/Src/stm32g0xx_hal_pcd_ex.c ****     /* Start secondary detection to check connection to Charging Downstream
 176:Drivers/STM32G0xx_HAL_Driver/Src/stm32g0xx_hal_pcd_ex.c ****     Port or Dedicated Charging Port */
 177:Drivers/STM32G0xx_HAL_Driver/Src/stm32g0xx_hal_pcd_ex.c ****     USBx->BCDR &= ~(USB_BCDR_PDEN);
 178:Drivers/STM32G0xx_HAL_Driver/Src/stm32g0xx_hal_pcd_ex.c ****     HAL_Delay(50U);
 179:Drivers/STM32G0xx_HAL_Driver/Src/stm32g0xx_hal_pcd_ex.c ****     USBx->BCDR |= (USB_BCDR_SDEN);
 180:Drivers/STM32G0xx_HAL_Driver/Src/stm32g0xx_hal_pcd_ex.c ****     HAL_Delay(50U);
 181:Drivers/STM32G0xx_HAL_Driver/Src/stm32g0xx_hal_pcd_ex.c **** 
 182:Drivers/STM32G0xx_HAL_Driver/Src/stm32g0xx_hal_pcd_ex.c ****     /* If CDP ? */
 183:Drivers/STM32G0xx_HAL_Driver/Src/stm32g0xx_hal_pcd_ex.c ****     if ((USBx->BCDR & USB_BCDR_SDET) == USB_BCDR_SDET)
 184:Drivers/STM32G0xx_HAL_Driver/Src/stm32g0xx_hal_pcd_ex.c ****     {
 185:Drivers/STM32G0xx_HAL_Driver/Src/stm32g0xx_hal_pcd_ex.c ****       /* Dedicated Downstream Port DCP */
 186:Drivers/STM32G0xx_HAL_Driver/Src/stm32g0xx_hal_pcd_ex.c **** #if (USE_HAL_PCD_REGISTER_CALLBACKS == 1U)
 187:Drivers/STM32G0xx_HAL_Driver/Src/stm32g0xx_hal_pcd_ex.c ****       hpcd->BCDCallback(hpcd, PCD_BCD_DEDICATED_CHARGING_PORT);
 188:Drivers/STM32G0xx_HAL_Driver/Src/stm32g0xx_hal_pcd_ex.c **** #else
 189:Drivers/STM32G0xx_HAL_Driver/Src/stm32g0xx_hal_pcd_ex.c ****       HAL_PCDEx_BCD_Callback(hpcd, PCD_BCD_DEDICATED_CHARGING_PORT);
 190:Drivers/STM32G0xx_HAL_Driver/Src/stm32g0xx_hal_pcd_ex.c **** #endif /* USE_HAL_PCD_REGISTER_CALLBACKS */
 191:Drivers/STM32G0xx_HAL_Driver/Src/stm32g0xx_hal_pcd_ex.c ****     }
 192:Drivers/STM32G0xx_HAL_Driver/Src/stm32g0xx_hal_pcd_ex.c ****     else
 193:Drivers/STM32G0xx_HAL_Driver/Src/stm32g0xx_hal_pcd_ex.c ****     {
 194:Drivers/STM32G0xx_HAL_Driver/Src/stm32g0xx_hal_pcd_ex.c ****       /* Charging Downstream Port CDP */
 195:Drivers/STM32G0xx_HAL_Driver/Src/stm32g0xx_hal_pcd_ex.c **** #if (USE_HAL_PCD_REGISTER_CALLBACKS == 1U)
 196:Drivers/STM32G0xx_HAL_Driver/Src/stm32g0xx_hal_pcd_ex.c ****       hpcd->BCDCallback(hpcd, PCD_BCD_CHARGING_DOWNSTREAM_PORT);
 197:Drivers/STM32G0xx_HAL_Driver/Src/stm32g0xx_hal_pcd_ex.c **** #else
 198:Drivers/STM32G0xx_HAL_Driver/Src/stm32g0xx_hal_pcd_ex.c ****       HAL_PCDEx_BCD_Callback(hpcd, PCD_BCD_CHARGING_DOWNSTREAM_PORT);
 199:Drivers/STM32G0xx_HAL_Driver/Src/stm32g0xx_hal_pcd_ex.c **** #endif /* USE_HAL_PCD_REGISTER_CALLBACKS */
 200:Drivers/STM32G0xx_HAL_Driver/Src/stm32g0xx_hal_pcd_ex.c ****     }
 201:Drivers/STM32G0xx_HAL_Driver/Src/stm32g0xx_hal_pcd_ex.c ****   }
 202:Drivers/STM32G0xx_HAL_Driver/Src/stm32g0xx_hal_pcd_ex.c ****   else /* NO */
 203:Drivers/STM32G0xx_HAL_Driver/Src/stm32g0xx_hal_pcd_ex.c ****   {
 204:Drivers/STM32G0xx_HAL_Driver/Src/stm32g0xx_hal_pcd_ex.c ****     /* Standard Downstream Port */
 205:Drivers/STM32G0xx_HAL_Driver/Src/stm32g0xx_hal_pcd_ex.c **** #if (USE_HAL_PCD_REGISTER_CALLBACKS == 1U)
 206:Drivers/STM32G0xx_HAL_Driver/Src/stm32g0xx_hal_pcd_ex.c ****     hpcd->BCDCallback(hpcd, PCD_BCD_STD_DOWNSTREAM_PORT);
 207:Drivers/STM32G0xx_HAL_Driver/Src/stm32g0xx_hal_pcd_ex.c **** #else
 208:Drivers/STM32G0xx_HAL_Driver/Src/stm32g0xx_hal_pcd_ex.c ****     HAL_PCDEx_BCD_Callback(hpcd, PCD_BCD_STD_DOWNSTREAM_PORT);
 209:Drivers/STM32G0xx_HAL_Driver/Src/stm32g0xx_hal_pcd_ex.c **** #endif /* USE_HAL_PCD_REGISTER_CALLBACKS */
 210:Drivers/STM32G0xx_HAL_Driver/Src/stm32g0xx_hal_pcd_ex.c ****   }
 211:Drivers/STM32G0xx_HAL_Driver/Src/stm32g0xx_hal_pcd_ex.c **** 
 212:Drivers/STM32G0xx_HAL_Driver/Src/stm32g0xx_hal_pcd_ex.c ****   /* Battery Charging capability discovery finished Start Enumeration */
 213:Drivers/STM32G0xx_HAL_Driver/Src/stm32g0xx_hal_pcd_ex.c ****   (void)HAL_PCDEx_DeActivateBCD(hpcd);
 214:Drivers/STM32G0xx_HAL_Driver/Src/stm32g0xx_hal_pcd_ex.c **** 
 215:Drivers/STM32G0xx_HAL_Driver/Src/stm32g0xx_hal_pcd_ex.c ****   /* Check for the Timeout, else start USB Device */
 216:Drivers/STM32G0xx_HAL_Driver/Src/stm32g0xx_hal_pcd_ex.c ****   if ((HAL_GetTick() - tickstart) > 1000U)
 217:Drivers/STM32G0xx_HAL_Driver/Src/stm32g0xx_hal_pcd_ex.c ****   {
 218:Drivers/STM32G0xx_HAL_Driver/Src/stm32g0xx_hal_pcd_ex.c **** #if (USE_HAL_PCD_REGISTER_CALLBACKS == 1U)
 219:Drivers/STM32G0xx_HAL_Driver/Src/stm32g0xx_hal_pcd_ex.c ****     hpcd->BCDCallback(hpcd, PCD_BCD_ERROR);
 220:Drivers/STM32G0xx_HAL_Driver/Src/stm32g0xx_hal_pcd_ex.c **** #else
 221:Drivers/STM32G0xx_HAL_Driver/Src/stm32g0xx_hal_pcd_ex.c ****     HAL_PCDEx_BCD_Callback(hpcd, PCD_BCD_ERROR);
 222:Drivers/STM32G0xx_HAL_Driver/Src/stm32g0xx_hal_pcd_ex.c **** #endif /* USE_HAL_PCD_REGISTER_CALLBACKS */
 223:Drivers/STM32G0xx_HAL_Driver/Src/stm32g0xx_hal_pcd_ex.c ****   }
 224:Drivers/STM32G0xx_HAL_Driver/Src/stm32g0xx_hal_pcd_ex.c ****   else
 225:Drivers/STM32G0xx_HAL_Driver/Src/stm32g0xx_hal_pcd_ex.c ****   {
 226:Drivers/STM32G0xx_HAL_Driver/Src/stm32g0xx_hal_pcd_ex.c **** #if (USE_HAL_PCD_REGISTER_CALLBACKS == 1U)
 227:Drivers/STM32G0xx_HAL_Driver/Src/stm32g0xx_hal_pcd_ex.c ****     hpcd->BCDCallback(hpcd, PCD_BCD_DISCOVERY_COMPLETED);
 228:Drivers/STM32G0xx_HAL_Driver/Src/stm32g0xx_hal_pcd_ex.c **** #else
 229:Drivers/STM32G0xx_HAL_Driver/Src/stm32g0xx_hal_pcd_ex.c ****     HAL_PCDEx_BCD_Callback(hpcd, PCD_BCD_DISCOVERY_COMPLETED);
ARM GAS  C:\Users\Domagoj\AppData\Local\Temp\cc7FTdTK.s 			page 9


 230:Drivers/STM32G0xx_HAL_Driver/Src/stm32g0xx_hal_pcd_ex.c **** #endif /* USE_HAL_PCD_REGISTER_CALLBACKS */
 231:Drivers/STM32G0xx_HAL_Driver/Src/stm32g0xx_hal_pcd_ex.c ****   }
 232:Drivers/STM32G0xx_HAL_Driver/Src/stm32g0xx_hal_pcd_ex.c **** }
 233:Drivers/STM32G0xx_HAL_Driver/Src/stm32g0xx_hal_pcd_ex.c **** 
 234:Drivers/STM32G0xx_HAL_Driver/Src/stm32g0xx_hal_pcd_ex.c **** /**
 235:Drivers/STM32G0xx_HAL_Driver/Src/stm32g0xx_hal_pcd_ex.c ****   * @brief  Activate LPM feature.
 236:Drivers/STM32G0xx_HAL_Driver/Src/stm32g0xx_hal_pcd_ex.c ****   * @param  hpcd PCD handle
 237:Drivers/STM32G0xx_HAL_Driver/Src/stm32g0xx_hal_pcd_ex.c ****   * @retval HAL status
 238:Drivers/STM32G0xx_HAL_Driver/Src/stm32g0xx_hal_pcd_ex.c ****   */
 239:Drivers/STM32G0xx_HAL_Driver/Src/stm32g0xx_hal_pcd_ex.c **** HAL_StatusTypeDef HAL_PCDEx_ActivateLPM(PCD_HandleTypeDef *hpcd)
 240:Drivers/STM32G0xx_HAL_Driver/Src/stm32g0xx_hal_pcd_ex.c **** {
 223              		.loc 1 240 1 is_stmt 1 view -0
 224              		.cfi_startproc
 225              		@ args = 0, pretend = 0, frame = 0
 226              		@ frame_needed = 0, uses_anonymous_args = 0
 227              		.loc 1 240 1 is_stmt 0 view .LVU60
 228 0000 10B5     		push	{r4, lr}
 229              	.LCFI1:
 230              		.cfi_def_cfa_offset 8
 231              		.cfi_offset 4, -8
 232              		.cfi_offset 14, -4
 241:Drivers/STM32G0xx_HAL_Driver/Src/stm32g0xx_hal_pcd_ex.c **** 
 242:Drivers/STM32G0xx_HAL_Driver/Src/stm32g0xx_hal_pcd_ex.c ****   USB_DRD_TypeDef *USBx = hpcd->Instance;
 233              		.loc 1 242 3 is_stmt 1 view .LVU61
 234              		.loc 1 242 20 is_stmt 0 view .LVU62
 235 0002 0368     		ldr	r3, [r0]
 236              	.LVL19:
 243:Drivers/STM32G0xx_HAL_Driver/Src/stm32g0xx_hal_pcd_ex.c ****   hpcd->lpm_active = 1U;
 237              		.loc 1 243 3 is_stmt 1 view .LVU63
 238              		.loc 1 243 20 is_stmt 0 view .LVU64
 239 0004 0121     		movs	r1, #1
 240 0006 B522     		movs	r2, #181
 241 0008 9200     		lsls	r2, r2, #2
 242 000a 8150     		str	r1, [r0, r2]
 244:Drivers/STM32G0xx_HAL_Driver/Src/stm32g0xx_hal_pcd_ex.c ****   hpcd->LPM_State = LPM_L0;
 243              		.loc 1 244 3 is_stmt 1 view .LVU65
 244              		.loc 1 244 19 is_stmt 0 view .LVU66
 245 000c 083A     		subs	r2, r2, #8
 246 000e 0024     		movs	r4, #0
 247 0010 8454     		strb	r4, [r0, r2]
 245:Drivers/STM32G0xx_HAL_Driver/Src/stm32g0xx_hal_pcd_ex.c **** 
 246:Drivers/STM32G0xx_HAL_Driver/Src/stm32g0xx_hal_pcd_ex.c ****   USBx->LPMCSR |= USB_LPMCSR_LMPEN;
 248              		.loc 1 246 3 is_stmt 1 view .LVU67
 249              		.loc 1 246 7 is_stmt 0 view .LVU68
 250 0012 5A6D     		ldr	r2, [r3, #84]
 251              		.loc 1 246 16 view .LVU69
 252 0014 0A43     		orrs	r2, r1
 253 0016 5A65     		str	r2, [r3, #84]
 247:Drivers/STM32G0xx_HAL_Driver/Src/stm32g0xx_hal_pcd_ex.c ****   USBx->LPMCSR |= USB_LPMCSR_LPMACK;
 254              		.loc 1 247 3 is_stmt 1 view .LVU70
 255              		.loc 1 247 7 is_stmt 0 view .LVU71
 256 0018 5A6D     		ldr	r2, [r3, #84]
 257              		.loc 1 247 16 view .LVU72
 258 001a 0131     		adds	r1, r1, #1
 259 001c 0A43     		orrs	r2, r1
 260 001e 5A65     		str	r2, [r3, #84]
 248:Drivers/STM32G0xx_HAL_Driver/Src/stm32g0xx_hal_pcd_ex.c **** 
ARM GAS  C:\Users\Domagoj\AppData\Local\Temp\cc7FTdTK.s 			page 10


 249:Drivers/STM32G0xx_HAL_Driver/Src/stm32g0xx_hal_pcd_ex.c ****   return HAL_OK;
 261              		.loc 1 249 3 is_stmt 1 view .LVU73
 250:Drivers/STM32G0xx_HAL_Driver/Src/stm32g0xx_hal_pcd_ex.c **** }
 262              		.loc 1 250 1 is_stmt 0 view .LVU74
 263 0020 0020     		movs	r0, #0
 264              	.LVL20:
 265              		.loc 1 250 1 view .LVU75
 266              		@ sp needed
 267 0022 10BD     		pop	{r4, pc}
 268              		.cfi_endproc
 269              	.LFE370:
 271              		.section	.text.HAL_PCDEx_DeActivateLPM,"ax",%progbits
 272              		.align	1
 273              		.global	HAL_PCDEx_DeActivateLPM
 274              		.syntax unified
 275              		.code	16
 276              		.thumb_func
 278              	HAL_PCDEx_DeActivateLPM:
 279              	.LVL21:
 280              	.LFB371:
 251:Drivers/STM32G0xx_HAL_Driver/Src/stm32g0xx_hal_pcd_ex.c **** 
 252:Drivers/STM32G0xx_HAL_Driver/Src/stm32g0xx_hal_pcd_ex.c **** /**
 253:Drivers/STM32G0xx_HAL_Driver/Src/stm32g0xx_hal_pcd_ex.c ****   * @brief  Deactivate LPM feature.
 254:Drivers/STM32G0xx_HAL_Driver/Src/stm32g0xx_hal_pcd_ex.c ****   * @param  hpcd PCD handle
 255:Drivers/STM32G0xx_HAL_Driver/Src/stm32g0xx_hal_pcd_ex.c ****   * @retval HAL status
 256:Drivers/STM32G0xx_HAL_Driver/Src/stm32g0xx_hal_pcd_ex.c ****   */
 257:Drivers/STM32G0xx_HAL_Driver/Src/stm32g0xx_hal_pcd_ex.c **** HAL_StatusTypeDef HAL_PCDEx_DeActivateLPM(PCD_HandleTypeDef *hpcd)
 258:Drivers/STM32G0xx_HAL_Driver/Src/stm32g0xx_hal_pcd_ex.c **** {
 281              		.loc 1 258 1 is_stmt 1 view -0
 282              		.cfi_startproc
 283              		@ args = 0, pretend = 0, frame = 0
 284              		@ frame_needed = 0, uses_anonymous_args = 0
 285              		@ link register save eliminated.
 259:Drivers/STM32G0xx_HAL_Driver/Src/stm32g0xx_hal_pcd_ex.c ****   USB_DRD_TypeDef *USBx = hpcd->Instance;
 286              		.loc 1 259 3 view .LVU77
 287              		.loc 1 259 20 is_stmt 0 view .LVU78
 288 0000 0368     		ldr	r3, [r0]
 289              	.LVL22:
 260:Drivers/STM32G0xx_HAL_Driver/Src/stm32g0xx_hal_pcd_ex.c **** 
 261:Drivers/STM32G0xx_HAL_Driver/Src/stm32g0xx_hal_pcd_ex.c ****   hpcd->lpm_active = 0U;
 290              		.loc 1 261 3 is_stmt 1 view .LVU79
 291              		.loc 1 261 20 is_stmt 0 view .LVU80
 292 0002 B522     		movs	r2, #181
 293 0004 9200     		lsls	r2, r2, #2
 294 0006 0021     		movs	r1, #0
 295 0008 8150     		str	r1, [r0, r2]
 262:Drivers/STM32G0xx_HAL_Driver/Src/stm32g0xx_hal_pcd_ex.c **** 
 263:Drivers/STM32G0xx_HAL_Driver/Src/stm32g0xx_hal_pcd_ex.c ****   USBx->LPMCSR &= ~(USB_LPMCSR_LMPEN);
 296              		.loc 1 263 3 is_stmt 1 view .LVU81
 297              		.loc 1 263 7 is_stmt 0 view .LVU82
 298 000a 5A6D     		ldr	r2, [r3, #84]
 299              		.loc 1 263 16 view .LVU83
 300 000c 0131     		adds	r1, r1, #1
 301 000e 8A43     		bics	r2, r1
 302 0010 5A65     		str	r2, [r3, #84]
 264:Drivers/STM32G0xx_HAL_Driver/Src/stm32g0xx_hal_pcd_ex.c ****   USBx->LPMCSR &= ~(USB_LPMCSR_LPMACK);
 303              		.loc 1 264 3 is_stmt 1 view .LVU84
ARM GAS  C:\Users\Domagoj\AppData\Local\Temp\cc7FTdTK.s 			page 11


 304              		.loc 1 264 7 is_stmt 0 view .LVU85
 305 0012 5A6D     		ldr	r2, [r3, #84]
 306              		.loc 1 264 16 view .LVU86
 307 0014 0131     		adds	r1, r1, #1
 308 0016 8A43     		bics	r2, r1
 309 0018 5A65     		str	r2, [r3, #84]
 265:Drivers/STM32G0xx_HAL_Driver/Src/stm32g0xx_hal_pcd_ex.c **** 
 266:Drivers/STM32G0xx_HAL_Driver/Src/stm32g0xx_hal_pcd_ex.c ****   return HAL_OK;
 310              		.loc 1 266 3 is_stmt 1 view .LVU87
 267:Drivers/STM32G0xx_HAL_Driver/Src/stm32g0xx_hal_pcd_ex.c **** }
 311              		.loc 1 267 1 is_stmt 0 view .LVU88
 312 001a 0020     		movs	r0, #0
 313              	.LVL23:
 314              		.loc 1 267 1 view .LVU89
 315              		@ sp needed
 316 001c 7047     		bx	lr
 317              		.cfi_endproc
 318              	.LFE371:
 320              		.section	.text.HAL_PCDEx_LPM_Callback,"ax",%progbits
 321              		.align	1
 322              		.weak	HAL_PCDEx_LPM_Callback
 323              		.syntax unified
 324              		.code	16
 325              		.thumb_func
 327              	HAL_PCDEx_LPM_Callback:
 328              	.LVL24:
 329              	.LFB372:
 268:Drivers/STM32G0xx_HAL_Driver/Src/stm32g0xx_hal_pcd_ex.c **** 
 269:Drivers/STM32G0xx_HAL_Driver/Src/stm32g0xx_hal_pcd_ex.c **** 
 270:Drivers/STM32G0xx_HAL_Driver/Src/stm32g0xx_hal_pcd_ex.c **** /**
 271:Drivers/STM32G0xx_HAL_Driver/Src/stm32g0xx_hal_pcd_ex.c ****   * @brief  Send LPM message to user layer callback.
 272:Drivers/STM32G0xx_HAL_Driver/Src/stm32g0xx_hal_pcd_ex.c ****   * @param  hpcd PCD handle
 273:Drivers/STM32G0xx_HAL_Driver/Src/stm32g0xx_hal_pcd_ex.c ****   * @param  msg LPM message
 274:Drivers/STM32G0xx_HAL_Driver/Src/stm32g0xx_hal_pcd_ex.c ****   * @retval HAL status
 275:Drivers/STM32G0xx_HAL_Driver/Src/stm32g0xx_hal_pcd_ex.c ****   */
 276:Drivers/STM32G0xx_HAL_Driver/Src/stm32g0xx_hal_pcd_ex.c **** __weak void HAL_PCDEx_LPM_Callback(PCD_HandleTypeDef *hpcd, PCD_LPM_MsgTypeDef msg)
 277:Drivers/STM32G0xx_HAL_Driver/Src/stm32g0xx_hal_pcd_ex.c **** {
 330              		.loc 1 277 1 is_stmt 1 view -0
 331              		.cfi_startproc
 332              		@ args = 0, pretend = 0, frame = 0
 333              		@ frame_needed = 0, uses_anonymous_args = 0
 334              		@ link register save eliminated.
 278:Drivers/STM32G0xx_HAL_Driver/Src/stm32g0xx_hal_pcd_ex.c ****   /* Prevent unused argument(s) compilation warning */
 279:Drivers/STM32G0xx_HAL_Driver/Src/stm32g0xx_hal_pcd_ex.c ****   UNUSED(hpcd);
 335              		.loc 1 279 3 view .LVU91
 280:Drivers/STM32G0xx_HAL_Driver/Src/stm32g0xx_hal_pcd_ex.c ****   UNUSED(msg);
 336              		.loc 1 280 3 view .LVU92
 281:Drivers/STM32G0xx_HAL_Driver/Src/stm32g0xx_hal_pcd_ex.c **** 
 282:Drivers/STM32G0xx_HAL_Driver/Src/stm32g0xx_hal_pcd_ex.c ****   /* NOTE : This function should not be modified, when the callback is needed,
 283:Drivers/STM32G0xx_HAL_Driver/Src/stm32g0xx_hal_pcd_ex.c ****             the HAL_PCDEx_LPM_Callback could be implemented in the user file
 284:Drivers/STM32G0xx_HAL_Driver/Src/stm32g0xx_hal_pcd_ex.c ****    */
 285:Drivers/STM32G0xx_HAL_Driver/Src/stm32g0xx_hal_pcd_ex.c **** }
 337              		.loc 1 285 1 is_stmt 0 view .LVU93
 338              		@ sp needed
 339 0000 7047     		bx	lr
 340              		.cfi_endproc
 341              	.LFE372:
ARM GAS  C:\Users\Domagoj\AppData\Local\Temp\cc7FTdTK.s 			page 12


 343              		.section	.text.HAL_PCDEx_BCD_Callback,"ax",%progbits
 344              		.align	1
 345              		.weak	HAL_PCDEx_BCD_Callback
 346              		.syntax unified
 347              		.code	16
 348              		.thumb_func
 350              	HAL_PCDEx_BCD_Callback:
 351              	.LVL25:
 352              	.LFB373:
 286:Drivers/STM32G0xx_HAL_Driver/Src/stm32g0xx_hal_pcd_ex.c **** 
 287:Drivers/STM32G0xx_HAL_Driver/Src/stm32g0xx_hal_pcd_ex.c **** /**
 288:Drivers/STM32G0xx_HAL_Driver/Src/stm32g0xx_hal_pcd_ex.c ****   * @brief  Send BatteryCharging message to user layer callback.
 289:Drivers/STM32G0xx_HAL_Driver/Src/stm32g0xx_hal_pcd_ex.c ****   * @param  hpcd PCD handle
 290:Drivers/STM32G0xx_HAL_Driver/Src/stm32g0xx_hal_pcd_ex.c ****   * @param  msg LPM message
 291:Drivers/STM32G0xx_HAL_Driver/Src/stm32g0xx_hal_pcd_ex.c ****   * @retval HAL status
 292:Drivers/STM32G0xx_HAL_Driver/Src/stm32g0xx_hal_pcd_ex.c ****   */
 293:Drivers/STM32G0xx_HAL_Driver/Src/stm32g0xx_hal_pcd_ex.c **** __weak void HAL_PCDEx_BCD_Callback(PCD_HandleTypeDef *hpcd, PCD_BCD_MsgTypeDef msg)
 294:Drivers/STM32G0xx_HAL_Driver/Src/stm32g0xx_hal_pcd_ex.c **** {
 353              		.loc 1 294 1 is_stmt 1 view -0
 354              		.cfi_startproc
 355              		@ args = 0, pretend = 0, frame = 0
 356              		@ frame_needed = 0, uses_anonymous_args = 0
 357              		@ link register save eliminated.
 295:Drivers/STM32G0xx_HAL_Driver/Src/stm32g0xx_hal_pcd_ex.c ****   /* Prevent unused argument(s) compilation warning */
 296:Drivers/STM32G0xx_HAL_Driver/Src/stm32g0xx_hal_pcd_ex.c ****   UNUSED(hpcd);
 358              		.loc 1 296 3 view .LVU95
 297:Drivers/STM32G0xx_HAL_Driver/Src/stm32g0xx_hal_pcd_ex.c ****   UNUSED(msg);
 359              		.loc 1 297 3 view .LVU96
 298:Drivers/STM32G0xx_HAL_Driver/Src/stm32g0xx_hal_pcd_ex.c **** 
 299:Drivers/STM32G0xx_HAL_Driver/Src/stm32g0xx_hal_pcd_ex.c ****   /* NOTE : This function should not be modified, when the callback is needed,
 300:Drivers/STM32G0xx_HAL_Driver/Src/stm32g0xx_hal_pcd_ex.c ****             the HAL_PCDEx_BCD_Callback could be implemented in the user file
 301:Drivers/STM32G0xx_HAL_Driver/Src/stm32g0xx_hal_pcd_ex.c ****    */
 302:Drivers/STM32G0xx_HAL_Driver/Src/stm32g0xx_hal_pcd_ex.c **** }
 360              		.loc 1 302 1 is_stmt 0 view .LVU97
 361              		@ sp needed
 362 0000 7047     		bx	lr
 363              		.cfi_endproc
 364              	.LFE373:
 366              		.section	.text.HAL_PCDEx_BCD_VBUSDetect,"ax",%progbits
 367              		.align	1
 368              		.global	HAL_PCDEx_BCD_VBUSDetect
 369              		.syntax unified
 370              		.code	16
 371              		.thumb_func
 373              	HAL_PCDEx_BCD_VBUSDetect:
 374              	.LVL26:
 375              	.LFB369:
 160:Drivers/STM32G0xx_HAL_Driver/Src/stm32g0xx_hal_pcd_ex.c ****   USB_DRD_TypeDef *USBx = hpcd->Instance;
 376              		.loc 1 160 1 is_stmt 1 view -0
 377              		.cfi_startproc
 378              		@ args = 0, pretend = 0, frame = 0
 379              		@ frame_needed = 0, uses_anonymous_args = 0
 160:Drivers/STM32G0xx_HAL_Driver/Src/stm32g0xx_hal_pcd_ex.c ****   USB_DRD_TypeDef *USBx = hpcd->Instance;
 380              		.loc 1 160 1 is_stmt 0 view .LVU99
 381 0000 70B5     		push	{r4, r5, r6, lr}
 382              	.LCFI2:
 383              		.cfi_def_cfa_offset 16
ARM GAS  C:\Users\Domagoj\AppData\Local\Temp\cc7FTdTK.s 			page 13


 384              		.cfi_offset 4, -16
 385              		.cfi_offset 5, -12
 386              		.cfi_offset 6, -8
 387              		.cfi_offset 14, -4
 388 0002 0400     		movs	r4, r0
 161:Drivers/STM32G0xx_HAL_Driver/Src/stm32g0xx_hal_pcd_ex.c ****   uint32_t tickstart = HAL_GetTick();
 389              		.loc 1 161 3 is_stmt 1 view .LVU100
 161:Drivers/STM32G0xx_HAL_Driver/Src/stm32g0xx_hal_pcd_ex.c ****   uint32_t tickstart = HAL_GetTick();
 390              		.loc 1 161 20 is_stmt 0 view .LVU101
 391 0004 0568     		ldr	r5, [r0]
 392              	.LVL27:
 162:Drivers/STM32G0xx_HAL_Driver/Src/stm32g0xx_hal_pcd_ex.c **** 
 393              		.loc 1 162 3 is_stmt 1 view .LVU102
 162:Drivers/STM32G0xx_HAL_Driver/Src/stm32g0xx_hal_pcd_ex.c **** 
 394              		.loc 1 162 24 is_stmt 0 view .LVU103
 395 0006 FFF7FEFF 		bl	HAL_GetTick
 396              	.LVL28:
 162:Drivers/STM32G0xx_HAL_Driver/Src/stm32g0xx_hal_pcd_ex.c **** 
 397              		.loc 1 162 24 view .LVU104
 398 000a 0600     		movs	r6, r0
 399              	.LVL29:
 165:Drivers/STM32G0xx_HAL_Driver/Src/stm32g0xx_hal_pcd_ex.c **** 
 400              		.loc 1 165 3 is_stmt 1 view .LVU105
 401 000c AF20     		movs	r0, #175
 402              	.LVL30:
 165:Drivers/STM32G0xx_HAL_Driver/Src/stm32g0xx_hal_pcd_ex.c **** 
 403              		.loc 1 165 3 is_stmt 0 view .LVU106
 404 000e 4000     		lsls	r0, r0, #1
 405 0010 FFF7FEFF 		bl	HAL_Delay
 406              	.LVL31:
 169:Drivers/STM32G0xx_HAL_Driver/Src/stm32g0xx_hal_pcd_ex.c ****   HAL_Delay(50U);
 407              		.loc 1 169 3 is_stmt 1 view .LVU107
 169:Drivers/STM32G0xx_HAL_Driver/Src/stm32g0xx_hal_pcd_ex.c ****   HAL_Delay(50U);
 408              		.loc 1 169 7 is_stmt 0 view .LVU108
 409 0014 AB6D     		ldr	r3, [r5, #88]
 169:Drivers/STM32G0xx_HAL_Driver/Src/stm32g0xx_hal_pcd_ex.c ****   HAL_Delay(50U);
 410              		.loc 1 169 14 view .LVU109
 411 0016 0422     		movs	r2, #4
 412 0018 1343     		orrs	r3, r2
 413 001a AB65     		str	r3, [r5, #88]
 170:Drivers/STM32G0xx_HAL_Driver/Src/stm32g0xx_hal_pcd_ex.c **** 
 414              		.loc 1 170 3 is_stmt 1 view .LVU110
 415 001c 3220     		movs	r0, #50
 416 001e FFF7FEFF 		bl	HAL_Delay
 417              	.LVL32:
 173:Drivers/STM32G0xx_HAL_Driver/Src/stm32g0xx_hal_pcd_ex.c ****   {
 418              		.loc 1 173 3 view .LVU111
 173:Drivers/STM32G0xx_HAL_Driver/Src/stm32g0xx_hal_pcd_ex.c ****   {
 419              		.loc 1 173 12 is_stmt 0 view .LVU112
 420 0022 AB6D     		ldr	r3, [r5, #88]
 173:Drivers/STM32G0xx_HAL_Driver/Src/stm32g0xx_hal_pcd_ex.c ****   {
 421              		.loc 1 173 6 view .LVU113
 422 0024 9B06     		lsls	r3, r3, #26
 423 0026 1AD5     		bpl	.L13
 177:Drivers/STM32G0xx_HAL_Driver/Src/stm32g0xx_hal_pcd_ex.c ****     HAL_Delay(50U);
 424              		.loc 1 177 5 is_stmt 1 view .LVU114
 177:Drivers/STM32G0xx_HAL_Driver/Src/stm32g0xx_hal_pcd_ex.c ****     HAL_Delay(50U);
ARM GAS  C:\Users\Domagoj\AppData\Local\Temp\cc7FTdTK.s 			page 14


 425              		.loc 1 177 9 is_stmt 0 view .LVU115
 426 0028 AB6D     		ldr	r3, [r5, #88]
 177:Drivers/STM32G0xx_HAL_Driver/Src/stm32g0xx_hal_pcd_ex.c ****     HAL_Delay(50U);
 427              		.loc 1 177 16 view .LVU116
 428 002a 0422     		movs	r2, #4
 429 002c 9343     		bics	r3, r2
 430 002e AB65     		str	r3, [r5, #88]
 178:Drivers/STM32G0xx_HAL_Driver/Src/stm32g0xx_hal_pcd_ex.c ****     USBx->BCDR |= (USB_BCDR_SDEN);
 431              		.loc 1 178 5 is_stmt 1 view .LVU117
 432 0030 3220     		movs	r0, #50
 433 0032 FFF7FEFF 		bl	HAL_Delay
 434              	.LVL33:
 179:Drivers/STM32G0xx_HAL_Driver/Src/stm32g0xx_hal_pcd_ex.c ****     HAL_Delay(50U);
 435              		.loc 1 179 5 view .LVU118
 179:Drivers/STM32G0xx_HAL_Driver/Src/stm32g0xx_hal_pcd_ex.c ****     HAL_Delay(50U);
 436              		.loc 1 179 9 is_stmt 0 view .LVU119
 437 0036 AB6D     		ldr	r3, [r5, #88]
 179:Drivers/STM32G0xx_HAL_Driver/Src/stm32g0xx_hal_pcd_ex.c ****     HAL_Delay(50U);
 438              		.loc 1 179 16 view .LVU120
 439 0038 0822     		movs	r2, #8
 440 003a 1343     		orrs	r3, r2
 441 003c AB65     		str	r3, [r5, #88]
 180:Drivers/STM32G0xx_HAL_Driver/Src/stm32g0xx_hal_pcd_ex.c **** 
 442              		.loc 1 180 5 is_stmt 1 view .LVU121
 443 003e 3220     		movs	r0, #50
 444 0040 FFF7FEFF 		bl	HAL_Delay
 445              	.LVL34:
 183:Drivers/STM32G0xx_HAL_Driver/Src/stm32g0xx_hal_pcd_ex.c ****     {
 446              		.loc 1 183 5 view .LVU122
 183:Drivers/STM32G0xx_HAL_Driver/Src/stm32g0xx_hal_pcd_ex.c ****     {
 447              		.loc 1 183 14 is_stmt 0 view .LVU123
 448 0044 AB6D     		ldr	r3, [r5, #88]
 183:Drivers/STM32G0xx_HAL_Driver/Src/stm32g0xx_hal_pcd_ex.c ****     {
 449              		.loc 1 183 8 view .LVU124
 450 0046 5B06     		lsls	r3, r3, #25
 451 0048 04D5     		bpl	.L14
 189:Drivers/STM32G0xx_HAL_Driver/Src/stm32g0xx_hal_pcd_ex.c **** #endif /* USE_HAL_PCD_REGISTER_CALLBACKS */
 452              		.loc 1 189 7 is_stmt 1 view .LVU125
 453 004a FB21     		movs	r1, #251
 454 004c 2000     		movs	r0, r4
 455 004e FFF7FEFF 		bl	HAL_PCDEx_BCD_Callback
 456              	.LVL35:
 457 0052 08E0     		b	.L15
 458              	.L14:
 198:Drivers/STM32G0xx_HAL_Driver/Src/stm32g0xx_hal_pcd_ex.c **** #endif /* USE_HAL_PCD_REGISTER_CALLBACKS */
 459              		.loc 1 198 7 view .LVU126
 460 0054 FC21     		movs	r1, #252
 461 0056 2000     		movs	r0, r4
 462 0058 FFF7FEFF 		bl	HAL_PCDEx_BCD_Callback
 463              	.LVL36:
 464 005c 03E0     		b	.L15
 465              	.L13:
 208:Drivers/STM32G0xx_HAL_Driver/Src/stm32g0xx_hal_pcd_ex.c **** #endif /* USE_HAL_PCD_REGISTER_CALLBACKS */
 466              		.loc 1 208 5 view .LVU127
 467 005e FD21     		movs	r1, #253
 468 0060 2000     		movs	r0, r4
 469 0062 FFF7FEFF 		bl	HAL_PCDEx_BCD_Callback
ARM GAS  C:\Users\Domagoj\AppData\Local\Temp\cc7FTdTK.s 			page 15


 470              	.LVL37:
 471              	.L15:
 213:Drivers/STM32G0xx_HAL_Driver/Src/stm32g0xx_hal_pcd_ex.c **** 
 472              		.loc 1 213 3 view .LVU128
 213:Drivers/STM32G0xx_HAL_Driver/Src/stm32g0xx_hal_pcd_ex.c **** 
 473              		.loc 1 213 9 is_stmt 0 view .LVU129
 474 0066 2000     		movs	r0, r4
 475 0068 FFF7FEFF 		bl	HAL_PCDEx_DeActivateBCD
 476              	.LVL38:
 216:Drivers/STM32G0xx_HAL_Driver/Src/stm32g0xx_hal_pcd_ex.c ****   {
 477              		.loc 1 216 3 is_stmt 1 view .LVU130
 216:Drivers/STM32G0xx_HAL_Driver/Src/stm32g0xx_hal_pcd_ex.c ****   {
 478              		.loc 1 216 8 is_stmt 0 view .LVU131
 479 006c FFF7FEFF 		bl	HAL_GetTick
 480              	.LVL39:
 216:Drivers/STM32G0xx_HAL_Driver/Src/stm32g0xx_hal_pcd_ex.c ****   {
 481              		.loc 1 216 22 discriminator 1 view .LVU132
 482 0070 801B     		subs	r0, r0, r6
 216:Drivers/STM32G0xx_HAL_Driver/Src/stm32g0xx_hal_pcd_ex.c ****   {
 483              		.loc 1 216 6 discriminator 1 view .LVU133
 484 0072 FA23     		movs	r3, #250
 485 0074 9B00     		lsls	r3, r3, #2
 486 0076 9842     		cmp	r0, r3
 487 0078 04D9     		bls	.L16
 221:Drivers/STM32G0xx_HAL_Driver/Src/stm32g0xx_hal_pcd_ex.c **** #endif /* USE_HAL_PCD_REGISTER_CALLBACKS */
 488              		.loc 1 221 5 is_stmt 1 view .LVU134
 489 007a FF21     		movs	r1, #255
 490 007c 2000     		movs	r0, r4
 491 007e FFF7FEFF 		bl	HAL_PCDEx_BCD_Callback
 492              	.LVL40:
 493              	.L12:
 232:Drivers/STM32G0xx_HAL_Driver/Src/stm32g0xx_hal_pcd_ex.c **** 
 494              		.loc 1 232 1 is_stmt 0 view .LVU135
 495              		@ sp needed
 496              	.LVL41:
 497              	.LVL42:
 498              	.LVL43:
 232:Drivers/STM32G0xx_HAL_Driver/Src/stm32g0xx_hal_pcd_ex.c **** 
 499              		.loc 1 232 1 view .LVU136
 500 0082 70BD     		pop	{r4, r5, r6, pc}
 501              	.LVL44:
 502              	.L16:
 229:Drivers/STM32G0xx_HAL_Driver/Src/stm32g0xx_hal_pcd_ex.c **** #endif /* USE_HAL_PCD_REGISTER_CALLBACKS */
 503              		.loc 1 229 5 is_stmt 1 view .LVU137
 504 0084 0021     		movs	r1, #0
 505 0086 2000     		movs	r0, r4
 506 0088 FFF7FEFF 		bl	HAL_PCDEx_BCD_Callback
 507              	.LVL45:
 232:Drivers/STM32G0xx_HAL_Driver/Src/stm32g0xx_hal_pcd_ex.c **** 
 508              		.loc 1 232 1 is_stmt 0 view .LVU138
 509 008c F9E7     		b	.L12
 510              		.cfi_endproc
 511              	.LFE369:
 513              		.text
 514              	.Letext0:
 515              		.file 2 "C:\\ST\\STM32CubeIDE_2.2.0\\STM32CubeIDE\\plugins\\com.st.stm32cube.ide.mcu.externaltools
 516              		.file 3 "C:\\ST\\STM32CubeIDE_2.2.0\\STM32CubeIDE\\plugins\\com.st.stm32cube.ide.mcu.externaltools
ARM GAS  C:\Users\Domagoj\AppData\Local\Temp\cc7FTdTK.s 			page 16


 517              		.file 4 "Drivers/CMSIS/Device/ST/STM32G0xx/Include/stm32g0b1xx.h"
 518              		.file 5 "Drivers/STM32G0xx_HAL_Driver/Inc/stm32g0xx_hal_def.h"
 519              		.file 6 "Drivers/STM32G0xx_HAL_Driver/Inc/stm32g0xx_ll_usb.h"
 520              		.file 7 "Drivers/STM32G0xx_HAL_Driver/Inc/stm32g0xx_hal_pcd.h"
 521              		.file 8 "Drivers/STM32G0xx_HAL_Driver/Inc/stm32g0xx_ll_dma.h"
 522              		.file 9 "Drivers/STM32G0xx_HAL_Driver/Inc/stm32g0xx_hal.h"
ARM GAS  C:\Users\Domagoj\AppData\Local\Temp\cc7FTdTK.s 			page 17


DEFINED SYMBOLS
                            *ABS*:00000000 stm32g0xx_hal_pcd_ex.c
C:\Users\Domagoj\AppData\Local\Temp\cc7FTdTK.s:19     .text.HAL_PCDEx_PMAConfig:00000000 $t
C:\Users\Domagoj\AppData\Local\Temp\cc7FTdTK.s:25     .text.HAL_PCDEx_PMAConfig:00000000 HAL_PCDEx_PMAConfig
C:\Users\Domagoj\AppData\Local\Temp\cc7FTdTK.s:117    .text.HAL_PCDEx_ActivateBCD:00000000 $t
C:\Users\Domagoj\AppData\Local\Temp\cc7FTdTK.s:123    .text.HAL_PCDEx_ActivateBCD:00000000 HAL_PCDEx_ActivateBCD
C:\Users\Domagoj\AppData\Local\Temp\cc7FTdTK.s:172    .text.HAL_PCDEx_DeActivateBCD:00000000 $t
C:\Users\Domagoj\AppData\Local\Temp\cc7FTdTK.s:178    .text.HAL_PCDEx_DeActivateBCD:00000000 HAL_PCDEx_DeActivateBCD
C:\Users\Domagoj\AppData\Local\Temp\cc7FTdTK.s:214    .text.HAL_PCDEx_ActivateLPM:00000000 $t
C:\Users\Domagoj\AppData\Local\Temp\cc7FTdTK.s:220    .text.HAL_PCDEx_ActivateLPM:00000000 HAL_PCDEx_ActivateLPM
C:\Users\Domagoj\AppData\Local\Temp\cc7FTdTK.s:272    .text.HAL_PCDEx_DeActivateLPM:00000000 $t
C:\Users\Domagoj\AppData\Local\Temp\cc7FTdTK.s:278    .text.HAL_PCDEx_DeActivateLPM:00000000 HAL_PCDEx_DeActivateLPM
C:\Users\Domagoj\AppData\Local\Temp\cc7FTdTK.s:321    .text.HAL_PCDEx_LPM_Callback:00000000 $t
C:\Users\Domagoj\AppData\Local\Temp\cc7FTdTK.s:327    .text.HAL_PCDEx_LPM_Callback:00000000 HAL_PCDEx_LPM_Callback
C:\Users\Domagoj\AppData\Local\Temp\cc7FTdTK.s:344    .text.HAL_PCDEx_BCD_Callback:00000000 $t
C:\Users\Domagoj\AppData\Local\Temp\cc7FTdTK.s:350    .text.HAL_PCDEx_BCD_Callback:00000000 HAL_PCDEx_BCD_Callback
C:\Users\Domagoj\AppData\Local\Temp\cc7FTdTK.s:367    .text.HAL_PCDEx_BCD_VBUSDetect:00000000 $t
C:\Users\Domagoj\AppData\Local\Temp\cc7FTdTK.s:373    .text.HAL_PCDEx_BCD_VBUSDetect:00000000 HAL_PCDEx_BCD_VBUSDetect

UNDEFINED SYMBOLS
HAL_GetTick
HAL_Delay
