ARM GAS  C:\Users\Domagoj\AppData\Local\Temp\ccDMRQDo.s 			page 1


   1              		.cpu cortex-m0plus
   2              		.arch armv6s-m
   3              		.fpu softvfp
   4              		.eabi_attribute 20, 1
   5              		.eabi_attribute 21, 1
   6              		.eabi_attribute 23, 3
   7              		.eabi_attribute 24, 1
   8              		.eabi_attribute 25, 1
   9              		.eabi_attribute 26, 1
  10              		.eabi_attribute 30, 1
  11              		.eabi_attribute 34, 0
  12              		.eabi_attribute 18, 4
  13              		.file	"usbd_cdc_if.c"
  14              		.text
  15              	.Ltext0:
  16              		.cfi_sections	.debug_frame
  17              		.file 1 "USB_Device/App/usbd_cdc_if.c"
  18              		.section	.text.CDC_DeInit_FS,"ax",%progbits
  19              		.align	1
  20              		.syntax unified
  21              		.code	16
  22              		.thumb_func
  24              	CDC_DeInit_FS:
  25              	.LFB371:
   1:USB_Device/App/usbd_cdc_if.c **** /* USER CODE BEGIN Header */
   2:USB_Device/App/usbd_cdc_if.c **** /**
   3:USB_Device/App/usbd_cdc_if.c ****   ******************************************************************************
   4:USB_Device/App/usbd_cdc_if.c ****   * @file           : usbd_cdc_if.c
   5:USB_Device/App/usbd_cdc_if.c ****   * @version        : v3.0_Cube
   6:USB_Device/App/usbd_cdc_if.c ****   * @brief          : Usb device for Virtual Com Port.
   7:USB_Device/App/usbd_cdc_if.c ****   ******************************************************************************
   8:USB_Device/App/usbd_cdc_if.c ****   * @attention
   9:USB_Device/App/usbd_cdc_if.c ****   *
  10:USB_Device/App/usbd_cdc_if.c ****   * Copyright (c) 2026 STMicroelectronics.
  11:USB_Device/App/usbd_cdc_if.c ****   * All rights reserved.
  12:USB_Device/App/usbd_cdc_if.c ****   *
  13:USB_Device/App/usbd_cdc_if.c ****   * This software is licensed under terms that can be found in the LICENSE file
  14:USB_Device/App/usbd_cdc_if.c ****   * in the root directory of this software component.
  15:USB_Device/App/usbd_cdc_if.c ****   * If no LICENSE file comes with this software, it is provided AS-IS.
  16:USB_Device/App/usbd_cdc_if.c ****   *
  17:USB_Device/App/usbd_cdc_if.c ****   ******************************************************************************
  18:USB_Device/App/usbd_cdc_if.c ****   */
  19:USB_Device/App/usbd_cdc_if.c **** /* USER CODE END Header */
  20:USB_Device/App/usbd_cdc_if.c **** 
  21:USB_Device/App/usbd_cdc_if.c **** /* Includes ------------------------------------------------------------------*/
  22:USB_Device/App/usbd_cdc_if.c **** #include "usbd_cdc_if.h"
  23:USB_Device/App/usbd_cdc_if.c **** 
  24:USB_Device/App/usbd_cdc_if.c **** /* USER CODE BEGIN INCLUDE */
  25:USB_Device/App/usbd_cdc_if.c **** #include "protocol.h"
  26:USB_Device/App/usbd_cdc_if.c **** /* USER CODE END INCLUDE */
  27:USB_Device/App/usbd_cdc_if.c **** 
  28:USB_Device/App/usbd_cdc_if.c **** /* Private typedef -----------------------------------------------------------*/
  29:USB_Device/App/usbd_cdc_if.c **** /* Private define ------------------------------------------------------------*/
  30:USB_Device/App/usbd_cdc_if.c **** /* Private macro -------------------------------------------------------------*/
  31:USB_Device/App/usbd_cdc_if.c **** 
  32:USB_Device/App/usbd_cdc_if.c **** /* USER CODE BEGIN PV */
  33:USB_Device/App/usbd_cdc_if.c **** /* Private variables ---------------------------------------------------------*/
ARM GAS  C:\Users\Domagoj\AppData\Local\Temp\ccDMRQDo.s 			page 2


  34:USB_Device/App/usbd_cdc_if.c **** 
  35:USB_Device/App/usbd_cdc_if.c **** /* USER CODE END PV */
  36:USB_Device/App/usbd_cdc_if.c **** 
  37:USB_Device/App/usbd_cdc_if.c **** /** @addtogroup STM32_USB_OTG_DEVICE_LIBRARY
  38:USB_Device/App/usbd_cdc_if.c ****   * @brief Usb device library.
  39:USB_Device/App/usbd_cdc_if.c ****   * @{
  40:USB_Device/App/usbd_cdc_if.c ****   */
  41:USB_Device/App/usbd_cdc_if.c **** 
  42:USB_Device/App/usbd_cdc_if.c **** /** @addtogroup USBD_CDC_IF
  43:USB_Device/App/usbd_cdc_if.c ****   * @{
  44:USB_Device/App/usbd_cdc_if.c ****   */
  45:USB_Device/App/usbd_cdc_if.c **** 
  46:USB_Device/App/usbd_cdc_if.c **** /** @defgroup USBD_CDC_IF_Private_TypesDefinitions USBD_CDC_IF_Private_TypesDefinitions
  47:USB_Device/App/usbd_cdc_if.c ****   * @brief Private types.
  48:USB_Device/App/usbd_cdc_if.c ****   * @{
  49:USB_Device/App/usbd_cdc_if.c ****   */
  50:USB_Device/App/usbd_cdc_if.c **** 
  51:USB_Device/App/usbd_cdc_if.c **** /* USER CODE BEGIN PRIVATE_TYPES */
  52:USB_Device/App/usbd_cdc_if.c **** 
  53:USB_Device/App/usbd_cdc_if.c **** /* USER CODE END PRIVATE_TYPES */
  54:USB_Device/App/usbd_cdc_if.c **** 
  55:USB_Device/App/usbd_cdc_if.c **** /**
  56:USB_Device/App/usbd_cdc_if.c ****   * @}
  57:USB_Device/App/usbd_cdc_if.c ****   */
  58:USB_Device/App/usbd_cdc_if.c **** 
  59:USB_Device/App/usbd_cdc_if.c **** /** @defgroup USBD_CDC_IF_Private_Defines USBD_CDC_IF_Private_Defines
  60:USB_Device/App/usbd_cdc_if.c ****   * @brief Private defines.
  61:USB_Device/App/usbd_cdc_if.c ****   * @{
  62:USB_Device/App/usbd_cdc_if.c ****   */
  63:USB_Device/App/usbd_cdc_if.c **** 
  64:USB_Device/App/usbd_cdc_if.c **** /* USER CODE BEGIN PRIVATE_DEFINES */
  65:USB_Device/App/usbd_cdc_if.c **** /* USER CODE END PRIVATE_DEFINES */
  66:USB_Device/App/usbd_cdc_if.c **** 
  67:USB_Device/App/usbd_cdc_if.c **** /**
  68:USB_Device/App/usbd_cdc_if.c ****   * @}
  69:USB_Device/App/usbd_cdc_if.c ****   */
  70:USB_Device/App/usbd_cdc_if.c **** 
  71:USB_Device/App/usbd_cdc_if.c **** /** @defgroup USBD_CDC_IF_Private_Macros USBD_CDC_IF_Private_Macros
  72:USB_Device/App/usbd_cdc_if.c ****   * @brief Private macros.
  73:USB_Device/App/usbd_cdc_if.c ****   * @{
  74:USB_Device/App/usbd_cdc_if.c ****   */
  75:USB_Device/App/usbd_cdc_if.c **** 
  76:USB_Device/App/usbd_cdc_if.c **** /* USER CODE BEGIN PRIVATE_MACRO */
  77:USB_Device/App/usbd_cdc_if.c **** 
  78:USB_Device/App/usbd_cdc_if.c **** /* USER CODE END PRIVATE_MACRO */
  79:USB_Device/App/usbd_cdc_if.c **** 
  80:USB_Device/App/usbd_cdc_if.c **** /**
  81:USB_Device/App/usbd_cdc_if.c ****   * @}
  82:USB_Device/App/usbd_cdc_if.c ****   */
  83:USB_Device/App/usbd_cdc_if.c **** 
  84:USB_Device/App/usbd_cdc_if.c **** /** @defgroup USBD_CDC_IF_Private_Variables USBD_CDC_IF_Private_Variables
  85:USB_Device/App/usbd_cdc_if.c ****   * @brief Private variables.
  86:USB_Device/App/usbd_cdc_if.c ****   * @{
  87:USB_Device/App/usbd_cdc_if.c ****   */
  88:USB_Device/App/usbd_cdc_if.c **** /* Create buffer for reception and transmission           */
  89:USB_Device/App/usbd_cdc_if.c **** /* It's up to user to redefine and/or remove those define */
  90:USB_Device/App/usbd_cdc_if.c **** /** Received data over USB are stored in this buffer      */
ARM GAS  C:\Users\Domagoj\AppData\Local\Temp\ccDMRQDo.s 			page 3


  91:USB_Device/App/usbd_cdc_if.c **** uint8_t UserRxBufferFS[APP_RX_DATA_SIZE];
  92:USB_Device/App/usbd_cdc_if.c **** 
  93:USB_Device/App/usbd_cdc_if.c **** /** Data to send over USB CDC are stored in this buffer   */
  94:USB_Device/App/usbd_cdc_if.c **** uint8_t UserTxBufferFS[APP_TX_DATA_SIZE];
  95:USB_Device/App/usbd_cdc_if.c **** 
  96:USB_Device/App/usbd_cdc_if.c **** /* USER CODE BEGIN PRIVATE_VARIABLES */
  97:USB_Device/App/usbd_cdc_if.c **** 
  98:USB_Device/App/usbd_cdc_if.c **** /* USER CODE END PRIVATE_VARIABLES */
  99:USB_Device/App/usbd_cdc_if.c **** 
 100:USB_Device/App/usbd_cdc_if.c **** /**
 101:USB_Device/App/usbd_cdc_if.c ****   * @}
 102:USB_Device/App/usbd_cdc_if.c ****   */
 103:USB_Device/App/usbd_cdc_if.c **** 
 104:USB_Device/App/usbd_cdc_if.c **** /** @defgroup USBD_CDC_IF_Exported_Variables USBD_CDC_IF_Exported_Variables
 105:USB_Device/App/usbd_cdc_if.c ****   * @brief Public variables.
 106:USB_Device/App/usbd_cdc_if.c ****   * @{
 107:USB_Device/App/usbd_cdc_if.c ****   */
 108:USB_Device/App/usbd_cdc_if.c **** 
 109:USB_Device/App/usbd_cdc_if.c **** extern USBD_HandleTypeDef hUsbDeviceFS;
 110:USB_Device/App/usbd_cdc_if.c **** 
 111:USB_Device/App/usbd_cdc_if.c **** /* USER CODE BEGIN EXPORTED_VARIABLES */
 112:USB_Device/App/usbd_cdc_if.c **** 
 113:USB_Device/App/usbd_cdc_if.c **** /* USER CODE END EXPORTED_VARIABLES */
 114:USB_Device/App/usbd_cdc_if.c **** 
 115:USB_Device/App/usbd_cdc_if.c **** /**
 116:USB_Device/App/usbd_cdc_if.c ****   * @}
 117:USB_Device/App/usbd_cdc_if.c ****   */
 118:USB_Device/App/usbd_cdc_if.c **** 
 119:USB_Device/App/usbd_cdc_if.c **** /** @defgroup USBD_CDC_IF_Private_FunctionPrototypes USBD_CDC_IF_Private_FunctionPrototypes
 120:USB_Device/App/usbd_cdc_if.c ****   * @brief Private functions declaration.
 121:USB_Device/App/usbd_cdc_if.c ****   * @{
 122:USB_Device/App/usbd_cdc_if.c ****   */
 123:USB_Device/App/usbd_cdc_if.c **** 
 124:USB_Device/App/usbd_cdc_if.c **** static int8_t CDC_Init_FS(void);
 125:USB_Device/App/usbd_cdc_if.c **** static int8_t CDC_DeInit_FS(void);
 126:USB_Device/App/usbd_cdc_if.c **** static int8_t CDC_Control_FS(uint8_t cmd, uint8_t* pbuf, uint16_t length);
 127:USB_Device/App/usbd_cdc_if.c **** static int8_t CDC_Receive_FS(uint8_t* pbuf, uint32_t *Len);
 128:USB_Device/App/usbd_cdc_if.c **** static int8_t CDC_TransmitCplt_FS(uint8_t *pbuf, uint32_t *Len, uint8_t epnum);
 129:USB_Device/App/usbd_cdc_if.c **** 
 130:USB_Device/App/usbd_cdc_if.c **** /* USER CODE BEGIN PRIVATE_FUNCTIONS_DECLARATION */
 131:USB_Device/App/usbd_cdc_if.c **** 
 132:USB_Device/App/usbd_cdc_if.c **** /* USER CODE END PRIVATE_FUNCTIONS_DECLARATION */
 133:USB_Device/App/usbd_cdc_if.c **** 
 134:USB_Device/App/usbd_cdc_if.c **** /**
 135:USB_Device/App/usbd_cdc_if.c ****   * @}
 136:USB_Device/App/usbd_cdc_if.c ****   */
 137:USB_Device/App/usbd_cdc_if.c **** 
 138:USB_Device/App/usbd_cdc_if.c **** USBD_CDC_ItfTypeDef USBD_Interface_fops_FS =
 139:USB_Device/App/usbd_cdc_if.c **** {
 140:USB_Device/App/usbd_cdc_if.c ****   CDC_Init_FS,
 141:USB_Device/App/usbd_cdc_if.c ****   CDC_DeInit_FS,
 142:USB_Device/App/usbd_cdc_if.c ****   CDC_Control_FS,
 143:USB_Device/App/usbd_cdc_if.c ****   CDC_Receive_FS,
 144:USB_Device/App/usbd_cdc_if.c ****   CDC_TransmitCplt_FS
 145:USB_Device/App/usbd_cdc_if.c **** };
 146:USB_Device/App/usbd_cdc_if.c **** 
 147:USB_Device/App/usbd_cdc_if.c **** /* Private functions ---------------------------------------------------------*/
ARM GAS  C:\Users\Domagoj\AppData\Local\Temp\ccDMRQDo.s 			page 4


 148:USB_Device/App/usbd_cdc_if.c **** /**
 149:USB_Device/App/usbd_cdc_if.c ****   * @brief  Initializes the CDC media low layer over the FS USB IP
 150:USB_Device/App/usbd_cdc_if.c ****   * @retval USBD_OK if all operations are OK else USBD_FAIL
 151:USB_Device/App/usbd_cdc_if.c ****   */
 152:USB_Device/App/usbd_cdc_if.c **** static int8_t CDC_Init_FS(void)
 153:USB_Device/App/usbd_cdc_if.c **** {
 154:USB_Device/App/usbd_cdc_if.c ****   /* USER CODE BEGIN 3 */
 155:USB_Device/App/usbd_cdc_if.c ****   /* Set Application Buffers */
 156:USB_Device/App/usbd_cdc_if.c ****   USBD_CDC_SetTxBuffer(&hUsbDeviceFS, UserTxBufferFS, 0);
 157:USB_Device/App/usbd_cdc_if.c ****   USBD_CDC_SetRxBuffer(&hUsbDeviceFS, UserRxBufferFS);
 158:USB_Device/App/usbd_cdc_if.c ****   return (USBD_OK);
 159:USB_Device/App/usbd_cdc_if.c ****   /* USER CODE END 3 */
 160:USB_Device/App/usbd_cdc_if.c **** }
 161:USB_Device/App/usbd_cdc_if.c **** 
 162:USB_Device/App/usbd_cdc_if.c **** /**
 163:USB_Device/App/usbd_cdc_if.c ****   * @brief  DeInitializes the CDC media low layer
 164:USB_Device/App/usbd_cdc_if.c ****   * @retval USBD_OK if all operations are OK else USBD_FAIL
 165:USB_Device/App/usbd_cdc_if.c ****   */
 166:USB_Device/App/usbd_cdc_if.c **** static int8_t CDC_DeInit_FS(void)
 167:USB_Device/App/usbd_cdc_if.c **** {
  26              		.loc 1 167 1 view -0
  27              		.cfi_startproc
  28              		@ args = 0, pretend = 0, frame = 0
  29              		@ frame_needed = 0, uses_anonymous_args = 0
  30              		@ link register save eliminated.
 168:USB_Device/App/usbd_cdc_if.c ****   /* USER CODE BEGIN 4 */
 169:USB_Device/App/usbd_cdc_if.c ****   return (USBD_OK);
  31              		.loc 1 169 3 view .LVU1
 170:USB_Device/App/usbd_cdc_if.c ****   /* USER CODE END 4 */
 171:USB_Device/App/usbd_cdc_if.c **** }
  32              		.loc 1 171 1 is_stmt 0 view .LVU2
  33 0000 0020     		movs	r0, #0
  34              		@ sp needed
  35 0002 7047     		bx	lr
  36              		.cfi_endproc
  37              	.LFE371:
  39              		.section	.text.CDC_Control_FS,"ax",%progbits
  40              		.align	1
  41              		.syntax unified
  42              		.code	16
  43              		.thumb_func
  45              	CDC_Control_FS:
  46              	.LVL0:
  47              	.LFB372:
 172:USB_Device/App/usbd_cdc_if.c **** 
 173:USB_Device/App/usbd_cdc_if.c **** /**
 174:USB_Device/App/usbd_cdc_if.c ****   * @brief  Manage the CDC class requests
 175:USB_Device/App/usbd_cdc_if.c ****   * @param  cmd: Command code
 176:USB_Device/App/usbd_cdc_if.c ****   * @param  pbuf: Buffer containing command data (request parameters)
 177:USB_Device/App/usbd_cdc_if.c ****   * @param  length: Number of data to be sent (in bytes)
 178:USB_Device/App/usbd_cdc_if.c ****   * @retval Result of the operation: USBD_OK if all operations are OK else USBD_FAIL
 179:USB_Device/App/usbd_cdc_if.c ****   */
 180:USB_Device/App/usbd_cdc_if.c **** static int8_t CDC_Control_FS(uint8_t cmd, uint8_t* pbuf, uint16_t length)
 181:USB_Device/App/usbd_cdc_if.c **** {
  48              		.loc 1 181 1 is_stmt 1 view -0
  49              		.cfi_startproc
  50              		@ args = 0, pretend = 0, frame = 0
ARM GAS  C:\Users\Domagoj\AppData\Local\Temp\ccDMRQDo.s 			page 5


  51              		@ frame_needed = 0, uses_anonymous_args = 0
  52              		@ link register save eliminated.
 182:USB_Device/App/usbd_cdc_if.c ****   /* USER CODE BEGIN 5 */
 183:USB_Device/App/usbd_cdc_if.c ****   switch(cmd)
  53              		.loc 1 183 3 view .LVU4
 184:USB_Device/App/usbd_cdc_if.c ****   {
 185:USB_Device/App/usbd_cdc_if.c ****     case CDC_SEND_ENCAPSULATED_COMMAND:
 186:USB_Device/App/usbd_cdc_if.c **** 
 187:USB_Device/App/usbd_cdc_if.c ****     break;
 188:USB_Device/App/usbd_cdc_if.c **** 
 189:USB_Device/App/usbd_cdc_if.c ****     case CDC_GET_ENCAPSULATED_RESPONSE:
 190:USB_Device/App/usbd_cdc_if.c **** 
 191:USB_Device/App/usbd_cdc_if.c ****     break;
 192:USB_Device/App/usbd_cdc_if.c **** 
 193:USB_Device/App/usbd_cdc_if.c ****     case CDC_SET_COMM_FEATURE:
 194:USB_Device/App/usbd_cdc_if.c **** 
 195:USB_Device/App/usbd_cdc_if.c ****     break;
 196:USB_Device/App/usbd_cdc_if.c **** 
 197:USB_Device/App/usbd_cdc_if.c ****     case CDC_GET_COMM_FEATURE:
 198:USB_Device/App/usbd_cdc_if.c **** 
 199:USB_Device/App/usbd_cdc_if.c ****     break;
 200:USB_Device/App/usbd_cdc_if.c **** 
 201:USB_Device/App/usbd_cdc_if.c ****     case CDC_CLEAR_COMM_FEATURE:
 202:USB_Device/App/usbd_cdc_if.c **** 
 203:USB_Device/App/usbd_cdc_if.c ****     break;
 204:USB_Device/App/usbd_cdc_if.c **** 
 205:USB_Device/App/usbd_cdc_if.c ****   /*******************************************************************************/
 206:USB_Device/App/usbd_cdc_if.c ****   /* Line Coding Structure                                                       */
 207:USB_Device/App/usbd_cdc_if.c ****   /*-----------------------------------------------------------------------------*/
 208:USB_Device/App/usbd_cdc_if.c ****   /* Offset | Field       | Size | Value  | Description                          */
 209:USB_Device/App/usbd_cdc_if.c ****   /* 0      | dwDTERate   |   4  | Number |Data terminal rate, in bits per second*/
 210:USB_Device/App/usbd_cdc_if.c ****   /* 4      | bCharFormat |   1  | Number | Stop bits                            */
 211:USB_Device/App/usbd_cdc_if.c ****   /*                                        0 - 1 Stop bit                       */
 212:USB_Device/App/usbd_cdc_if.c ****   /*                                        1 - 1.5 Stop bits                    */
 213:USB_Device/App/usbd_cdc_if.c ****   /*                                        2 - 2 Stop bits                      */
 214:USB_Device/App/usbd_cdc_if.c ****   /* 5      | bParityType |  1   | Number | Parity                               */
 215:USB_Device/App/usbd_cdc_if.c ****   /*                                        0 - None                             */
 216:USB_Device/App/usbd_cdc_if.c ****   /*                                        1 - Odd                              */
 217:USB_Device/App/usbd_cdc_if.c ****   /*                                        2 - Even                             */
 218:USB_Device/App/usbd_cdc_if.c ****   /*                                        3 - Mark                             */
 219:USB_Device/App/usbd_cdc_if.c ****   /*                                        4 - Space                            */
 220:USB_Device/App/usbd_cdc_if.c ****   /* 6      | bDataBits  |   1   | Number Data bits (5, 6, 7, 8 or 16).          */
 221:USB_Device/App/usbd_cdc_if.c ****   /*******************************************************************************/
 222:USB_Device/App/usbd_cdc_if.c ****     case CDC_SET_LINE_CODING:
 223:USB_Device/App/usbd_cdc_if.c **** 
 224:USB_Device/App/usbd_cdc_if.c ****     break;
 225:USB_Device/App/usbd_cdc_if.c **** 
 226:USB_Device/App/usbd_cdc_if.c ****     case CDC_GET_LINE_CODING:
 227:USB_Device/App/usbd_cdc_if.c **** 
 228:USB_Device/App/usbd_cdc_if.c ****     break;
 229:USB_Device/App/usbd_cdc_if.c **** 
 230:USB_Device/App/usbd_cdc_if.c ****     case CDC_SET_CONTROL_LINE_STATE:
 231:USB_Device/App/usbd_cdc_if.c **** 
 232:USB_Device/App/usbd_cdc_if.c ****     break;
 233:USB_Device/App/usbd_cdc_if.c **** 
 234:USB_Device/App/usbd_cdc_if.c ****     case CDC_SEND_BREAK:
 235:USB_Device/App/usbd_cdc_if.c **** 
ARM GAS  C:\Users\Domagoj\AppData\Local\Temp\ccDMRQDo.s 			page 6


 236:USB_Device/App/usbd_cdc_if.c ****     break;
 237:USB_Device/App/usbd_cdc_if.c **** 
 238:USB_Device/App/usbd_cdc_if.c ****   default:
 239:USB_Device/App/usbd_cdc_if.c ****     break;
  54              		.loc 1 239 5 view .LVU5
 240:USB_Device/App/usbd_cdc_if.c ****   }
 241:USB_Device/App/usbd_cdc_if.c **** 
 242:USB_Device/App/usbd_cdc_if.c ****   return (USBD_OK);
  55              		.loc 1 242 3 view .LVU6
 243:USB_Device/App/usbd_cdc_if.c ****   /* USER CODE END 5 */
 244:USB_Device/App/usbd_cdc_if.c **** }
  56              		.loc 1 244 1 is_stmt 0 view .LVU7
  57 0000 0020     		movs	r0, #0
  58              	.LVL1:
  59              		.loc 1 244 1 view .LVU8
  60              		@ sp needed
  61 0002 7047     		bx	lr
  62              		.cfi_endproc
  63              	.LFE372:
  65              		.section	.text.CDC_TransmitCplt_FS,"ax",%progbits
  66              		.align	1
  67              		.syntax unified
  68              		.code	16
  69              		.thumb_func
  71              	CDC_TransmitCplt_FS:
  72              	.LVL2:
  73              	.LFB375:
 245:USB_Device/App/usbd_cdc_if.c **** 
 246:USB_Device/App/usbd_cdc_if.c **** /**
 247:USB_Device/App/usbd_cdc_if.c ****   * @brief  Data received over USB OUT endpoint are sent over CDC interface
 248:USB_Device/App/usbd_cdc_if.c ****   *         through this function.
 249:USB_Device/App/usbd_cdc_if.c ****   *
 250:USB_Device/App/usbd_cdc_if.c ****   *         @note
 251:USB_Device/App/usbd_cdc_if.c ****   *         This function will issue a NAK packet on any OUT packet received on
 252:USB_Device/App/usbd_cdc_if.c ****   *         USB endpoint until exiting this function. If you exit this function
 253:USB_Device/App/usbd_cdc_if.c ****   *         before transfer is complete on CDC interface (ie. using DMA controller)
 254:USB_Device/App/usbd_cdc_if.c ****   *         it will result in receiving more data while previous ones are still
 255:USB_Device/App/usbd_cdc_if.c ****   *         not sent.
 256:USB_Device/App/usbd_cdc_if.c ****   *
 257:USB_Device/App/usbd_cdc_if.c ****   * @param  Buf: Buffer of data to be received
 258:USB_Device/App/usbd_cdc_if.c ****   * @param  Len: Number of data received (in bytes)
 259:USB_Device/App/usbd_cdc_if.c ****   * @retval Result of the operation: USBD_OK if all operations are OK else USBD_FAIL
 260:USB_Device/App/usbd_cdc_if.c ****   */
 261:USB_Device/App/usbd_cdc_if.c **** static int8_t CDC_Receive_FS(uint8_t* Buf, uint32_t *Len)
 262:USB_Device/App/usbd_cdc_if.c **** {
 263:USB_Device/App/usbd_cdc_if.c ****   /* USER CODE BEGIN 6 */
 264:USB_Device/App/usbd_cdc_if.c **** 	Protocol_ProcessByte(Buf, *Len);
 265:USB_Device/App/usbd_cdc_if.c **** 
 266:USB_Device/App/usbd_cdc_if.c ****     USBD_CDC_SetRxBuffer(&hUsbDeviceFS, &Buf[0]);
 267:USB_Device/App/usbd_cdc_if.c ****     USBD_CDC_ReceivePacket(&hUsbDeviceFS);
 268:USB_Device/App/usbd_cdc_if.c **** 
 269:USB_Device/App/usbd_cdc_if.c ****     return (USBD_OK);
 270:USB_Device/App/usbd_cdc_if.c ****   /* USER CODE END 6 */
 271:USB_Device/App/usbd_cdc_if.c **** }
 272:USB_Device/App/usbd_cdc_if.c **** 
 273:USB_Device/App/usbd_cdc_if.c **** /**
 274:USB_Device/App/usbd_cdc_if.c ****   * @brief  CDC_Transmit_FS
ARM GAS  C:\Users\Domagoj\AppData\Local\Temp\ccDMRQDo.s 			page 7


 275:USB_Device/App/usbd_cdc_if.c ****   *         Data to send over USB IN endpoint are sent over CDC interface
 276:USB_Device/App/usbd_cdc_if.c ****   *         through this function.
 277:USB_Device/App/usbd_cdc_if.c ****   *         @note
 278:USB_Device/App/usbd_cdc_if.c ****   *
 279:USB_Device/App/usbd_cdc_if.c ****   *
 280:USB_Device/App/usbd_cdc_if.c ****   * @param  Buf: Buffer of data to be sent
 281:USB_Device/App/usbd_cdc_if.c ****   * @param  Len: Number of data to be sent (in bytes)
 282:USB_Device/App/usbd_cdc_if.c ****   * @retval USBD_OK if all operations are OK else USBD_FAIL or USBD_BUSY
 283:USB_Device/App/usbd_cdc_if.c ****   */
 284:USB_Device/App/usbd_cdc_if.c **** uint8_t CDC_Transmit_FS(uint8_t* Buf, uint16_t Len)
 285:USB_Device/App/usbd_cdc_if.c **** {
 286:USB_Device/App/usbd_cdc_if.c ****   uint8_t result = USBD_OK;
 287:USB_Device/App/usbd_cdc_if.c ****   /* USER CODE BEGIN 7 */
 288:USB_Device/App/usbd_cdc_if.c ****   USBD_CDC_HandleTypeDef *hcdc = (USBD_CDC_HandleTypeDef*)hUsbDeviceFS.pClassData;
 289:USB_Device/App/usbd_cdc_if.c ****   if (hcdc->TxState != 0){
 290:USB_Device/App/usbd_cdc_if.c ****     return USBD_BUSY;
 291:USB_Device/App/usbd_cdc_if.c ****   }
 292:USB_Device/App/usbd_cdc_if.c ****   USBD_CDC_SetTxBuffer(&hUsbDeviceFS, Buf, Len);
 293:USB_Device/App/usbd_cdc_if.c ****   result = USBD_CDC_TransmitPacket(&hUsbDeviceFS);
 294:USB_Device/App/usbd_cdc_if.c ****   /* USER CODE END 7 */
 295:USB_Device/App/usbd_cdc_if.c ****   return result;
 296:USB_Device/App/usbd_cdc_if.c **** }
 297:USB_Device/App/usbd_cdc_if.c **** 
 298:USB_Device/App/usbd_cdc_if.c **** /**
 299:USB_Device/App/usbd_cdc_if.c ****   * @brief  CDC_TransmitCplt_FS
 300:USB_Device/App/usbd_cdc_if.c ****   *         Data transmitted callback
 301:USB_Device/App/usbd_cdc_if.c ****   *
 302:USB_Device/App/usbd_cdc_if.c ****   *         @note
 303:USB_Device/App/usbd_cdc_if.c ****   *         This function is IN transfer complete callback used to inform user that
 304:USB_Device/App/usbd_cdc_if.c ****   *         the submitted Data is successfully sent over USB.
 305:USB_Device/App/usbd_cdc_if.c ****   *
 306:USB_Device/App/usbd_cdc_if.c ****   * @param  Buf: Buffer of data to be received
 307:USB_Device/App/usbd_cdc_if.c ****   * @param  Len: Number of data received (in bytes)
 308:USB_Device/App/usbd_cdc_if.c ****   * @retval Result of the operation: USBD_OK if all operations are OK else USBD_FAIL
 309:USB_Device/App/usbd_cdc_if.c ****   */
 310:USB_Device/App/usbd_cdc_if.c **** static int8_t CDC_TransmitCplt_FS(uint8_t *Buf, uint32_t *Len, uint8_t epnum)
 311:USB_Device/App/usbd_cdc_if.c **** {
  74              		.loc 1 311 1 is_stmt 1 view -0
  75              		.cfi_startproc
  76              		@ args = 0, pretend = 0, frame = 0
  77              		@ frame_needed = 0, uses_anonymous_args = 0
  78              		@ link register save eliminated.
 312:USB_Device/App/usbd_cdc_if.c ****   uint8_t result = USBD_OK;
  79              		.loc 1 312 3 view .LVU10
 313:USB_Device/App/usbd_cdc_if.c ****   /* USER CODE BEGIN 13 */
 314:USB_Device/App/usbd_cdc_if.c ****   UNUSED(Buf);
  80              		.loc 1 314 3 view .LVU11
 315:USB_Device/App/usbd_cdc_if.c ****   UNUSED(Len);
  81              		.loc 1 315 3 view .LVU12
 316:USB_Device/App/usbd_cdc_if.c ****   UNUSED(epnum);
  82              		.loc 1 316 3 view .LVU13
 317:USB_Device/App/usbd_cdc_if.c ****   /* USER CODE END 13 */
 318:USB_Device/App/usbd_cdc_if.c ****   return result;
  83              		.loc 1 318 3 view .LVU14
 319:USB_Device/App/usbd_cdc_if.c **** }
  84              		.loc 1 319 1 is_stmt 0 view .LVU15
  85 0000 0020     		movs	r0, #0
ARM GAS  C:\Users\Domagoj\AppData\Local\Temp\ccDMRQDo.s 			page 8


  86              	.LVL3:
  87              		.loc 1 319 1 view .LVU16
  88              		@ sp needed
  89 0002 7047     		bx	lr
  90              		.cfi_endproc
  91              	.LFE375:
  93              		.section	.text.CDC_Receive_FS,"ax",%progbits
  94              		.align	1
  95              		.syntax unified
  96              		.code	16
  97              		.thumb_func
  99              	CDC_Receive_FS:
 100              	.LVL4:
 101              	.LFB373:
 262:USB_Device/App/usbd_cdc_if.c ****   /* USER CODE BEGIN 6 */
 102              		.loc 1 262 1 is_stmt 1 view -0
 103              		.cfi_startproc
 104              		@ args = 0, pretend = 0, frame = 0
 105              		@ frame_needed = 0, uses_anonymous_args = 0
 262:USB_Device/App/usbd_cdc_if.c ****   /* USER CODE BEGIN 6 */
 106              		.loc 1 262 1 is_stmt 0 view .LVU18
 107 0000 70B5     		push	{r4, r5, r6, lr}
 108              	.LCFI0:
 109              		.cfi_def_cfa_offset 16
 110              		.cfi_offset 4, -16
 111              		.cfi_offset 5, -12
 112              		.cfi_offset 6, -8
 113              		.cfi_offset 14, -4
 114 0002 0500     		movs	r5, r0
 264:USB_Device/App/usbd_cdc_if.c **** 
 115              		.loc 1 264 2 is_stmt 1 view .LVU19
 116 0004 0968     		ldr	r1, [r1]
 117              	.LVL5:
 264:USB_Device/App/usbd_cdc_if.c **** 
 118              		.loc 1 264 2 is_stmt 0 view .LVU20
 119 0006 FFF7FEFF 		bl	Protocol_ProcessByte
 120              	.LVL6:
 266:USB_Device/App/usbd_cdc_if.c ****     USBD_CDC_ReceivePacket(&hUsbDeviceFS);
 121              		.loc 1 266 5 is_stmt 1 view .LVU21
 122 000a 054C     		ldr	r4, .L5
 123 000c 2900     		movs	r1, r5
 124 000e 2000     		movs	r0, r4
 125 0010 FFF7FEFF 		bl	USBD_CDC_SetRxBuffer
 126              	.LVL7:
 267:USB_Device/App/usbd_cdc_if.c **** 
 127              		.loc 1 267 5 view .LVU22
 128 0014 2000     		movs	r0, r4
 129 0016 FFF7FEFF 		bl	USBD_CDC_ReceivePacket
 130              	.LVL8:
 269:USB_Device/App/usbd_cdc_if.c ****   /* USER CODE END 6 */
 131              		.loc 1 269 5 view .LVU23
 271:USB_Device/App/usbd_cdc_if.c **** 
 132              		.loc 1 271 1 is_stmt 0 view .LVU24
 133 001a 0020     		movs	r0, #0
 134              		@ sp needed
 135              	.LVL9:
 271:USB_Device/App/usbd_cdc_if.c **** 
ARM GAS  C:\Users\Domagoj\AppData\Local\Temp\ccDMRQDo.s 			page 9


 136              		.loc 1 271 1 view .LVU25
 137 001c 70BD     		pop	{r4, r5, r6, pc}
 138              	.L6:
 139 001e C046     		.align	2
 140              	.L5:
 141 0020 00000000 		.word	hUsbDeviceFS
 142              		.cfi_endproc
 143              	.LFE373:
 145              		.section	.text.CDC_Init_FS,"ax",%progbits
 146              		.align	1
 147              		.syntax unified
 148              		.code	16
 149              		.thumb_func
 151              	CDC_Init_FS:
 152              	.LFB370:
 153:USB_Device/App/usbd_cdc_if.c ****   /* USER CODE BEGIN 3 */
 153              		.loc 1 153 1 is_stmt 1 view -0
 154              		.cfi_startproc
 155              		@ args = 0, pretend = 0, frame = 0
 156              		@ frame_needed = 0, uses_anonymous_args = 0
 157 0000 10B5     		push	{r4, lr}
 158              	.LCFI1:
 159              		.cfi_def_cfa_offset 8
 160              		.cfi_offset 4, -8
 161              		.cfi_offset 14, -4
 156:USB_Device/App/usbd_cdc_if.c ****   USBD_CDC_SetRxBuffer(&hUsbDeviceFS, UserRxBufferFS);
 162              		.loc 1 156 3 view .LVU27
 163 0002 0649     		ldr	r1, .L8
 164 0004 064C     		ldr	r4, .L8+4
 165 0006 0022     		movs	r2, #0
 166 0008 2000     		movs	r0, r4
 167 000a FFF7FEFF 		bl	USBD_CDC_SetTxBuffer
 168              	.LVL10:
 157:USB_Device/App/usbd_cdc_if.c ****   return (USBD_OK);
 169              		.loc 1 157 3 view .LVU28
 170 000e 0549     		ldr	r1, .L8+8
 171 0010 2000     		movs	r0, r4
 172 0012 FFF7FEFF 		bl	USBD_CDC_SetRxBuffer
 173              	.LVL11:
 158:USB_Device/App/usbd_cdc_if.c ****   /* USER CODE END 3 */
 174              		.loc 1 158 3 view .LVU29
 160:USB_Device/App/usbd_cdc_if.c **** 
 175              		.loc 1 160 1 is_stmt 0 view .LVU30
 176 0016 0020     		movs	r0, #0
 177              		@ sp needed
 178 0018 10BD     		pop	{r4, pc}
 179              	.L9:
 180 001a C046     		.align	2
 181              	.L8:
 182 001c 00000000 		.word	UserTxBufferFS
 183 0020 00000000 		.word	hUsbDeviceFS
 184 0024 00000000 		.word	UserRxBufferFS
 185              		.cfi_endproc
 186              	.LFE370:
 188              		.section	.text.CDC_Transmit_FS,"ax",%progbits
 189              		.align	1
 190              		.global	CDC_Transmit_FS
ARM GAS  C:\Users\Domagoj\AppData\Local\Temp\ccDMRQDo.s 			page 10


 191              		.syntax unified
 192              		.code	16
 193              		.thumb_func
 195              	CDC_Transmit_FS:
 196              	.LVL12:
 197              	.LFB374:
 285:USB_Device/App/usbd_cdc_if.c ****   uint8_t result = USBD_OK;
 198              		.loc 1 285 1 is_stmt 1 view -0
 199              		.cfi_startproc
 200              		@ args = 0, pretend = 0, frame = 0
 201              		@ frame_needed = 0, uses_anonymous_args = 0
 285:USB_Device/App/usbd_cdc_if.c ****   uint8_t result = USBD_OK;
 202              		.loc 1 285 1 is_stmt 0 view .LVU32
 203 0000 10B5     		push	{r4, lr}
 204              	.LCFI2:
 205              		.cfi_def_cfa_offset 8
 206              		.cfi_offset 4, -8
 207              		.cfi_offset 14, -4
 208 0002 0A00     		movs	r2, r1
 286:USB_Device/App/usbd_cdc_if.c ****   /* USER CODE BEGIN 7 */
 209              		.loc 1 286 3 is_stmt 1 view .LVU33
 210              	.LVL13:
 288:USB_Device/App/usbd_cdc_if.c ****   if (hcdc->TxState != 0){
 211              		.loc 1 288 3 view .LVU34
 288:USB_Device/App/usbd_cdc_if.c ****   if (hcdc->TxState != 0){
 212              		.loc 1 288 27 is_stmt 0 view .LVU35
 213 0004 094B     		ldr	r3, .L14
 214 0006 AF21     		movs	r1, #175
 215              	.LVL14:
 288:USB_Device/App/usbd_cdc_if.c ****   if (hcdc->TxState != 0){
 216              		.loc 1 288 27 view .LVU36
 217 0008 8900     		lsls	r1, r1, #2
 218 000a 5958     		ldr	r1, [r3, r1]
 219              	.LVL15:
 289:USB_Device/App/usbd_cdc_if.c ****     return USBD_BUSY;
 220              		.loc 1 289 3 is_stmt 1 view .LVU37
 289:USB_Device/App/usbd_cdc_if.c ****     return USBD_BUSY;
 221              		.loc 1 289 11 is_stmt 0 view .LVU38
 222 000c 8523     		movs	r3, #133
 223 000e 9B00     		lsls	r3, r3, #2
 224 0010 CB58     		ldr	r3, [r1, r3]
 289:USB_Device/App/usbd_cdc_if.c ****     return USBD_BUSY;
 225              		.loc 1 289 6 view .LVU39
 226 0012 002B     		cmp	r3, #0
 227 0014 01D0     		beq	.L13
 290:USB_Device/App/usbd_cdc_if.c ****   }
 228              		.loc 1 290 12 view .LVU40
 229 0016 0120     		movs	r0, #1
 230              	.LVL16:
 231              	.L11:
 296:USB_Device/App/usbd_cdc_if.c **** 
 232              		.loc 1 296 1 view .LVU41
 233              		@ sp needed
 234 0018 10BD     		pop	{r4, pc}
 235              	.LVL17:
 236              	.L13:
 292:USB_Device/App/usbd_cdc_if.c ****   result = USBD_CDC_TransmitPacket(&hUsbDeviceFS);
ARM GAS  C:\Users\Domagoj\AppData\Local\Temp\ccDMRQDo.s 			page 11


 237              		.loc 1 292 3 is_stmt 1 view .LVU42
 238 001a 044C     		ldr	r4, .L14
 239 001c 0100     		movs	r1, r0
 240              	.LVL18:
 292:USB_Device/App/usbd_cdc_if.c ****   result = USBD_CDC_TransmitPacket(&hUsbDeviceFS);
 241              		.loc 1 292 3 is_stmt 0 view .LVU43
 242 001e 2000     		movs	r0, r4
 243              	.LVL19:
 292:USB_Device/App/usbd_cdc_if.c ****   result = USBD_CDC_TransmitPacket(&hUsbDeviceFS);
 244              		.loc 1 292 3 view .LVU44
 245 0020 FFF7FEFF 		bl	USBD_CDC_SetTxBuffer
 246              	.LVL20:
 293:USB_Device/App/usbd_cdc_if.c ****   /* USER CODE END 7 */
 247              		.loc 1 293 3 is_stmt 1 view .LVU45
 293:USB_Device/App/usbd_cdc_if.c ****   /* USER CODE END 7 */
 248              		.loc 1 293 12 is_stmt 0 view .LVU46
 249 0024 2000     		movs	r0, r4
 250 0026 FFF7FEFF 		bl	USBD_CDC_TransmitPacket
 251              	.LVL21:
 295:USB_Device/App/usbd_cdc_if.c **** }
 252              		.loc 1 295 3 is_stmt 1 view .LVU47
 295:USB_Device/App/usbd_cdc_if.c **** }
 253              		.loc 1 295 10 is_stmt 0 view .LVU48
 254 002a F5E7     		b	.L11
 255              	.L15:
 256              		.align	2
 257              	.L14:
 258 002c 00000000 		.word	hUsbDeviceFS
 259              		.cfi_endproc
 260              	.LFE374:
 262              		.global	USBD_Interface_fops_FS
 263              		.section	.data.USBD_Interface_fops_FS,"aw"
 264              		.align	2
 267              	USBD_Interface_fops_FS:
 268 0000 00000000 		.word	CDC_Init_FS
 269 0004 00000000 		.word	CDC_DeInit_FS
 270 0008 00000000 		.word	CDC_Control_FS
 271 000c 00000000 		.word	CDC_Receive_FS
 272 0010 00000000 		.word	CDC_TransmitCplt_FS
 273              		.global	UserTxBufferFS
 274              		.section	.bss.UserTxBufferFS,"aw",%nobits
 275              		.align	2
 278              	UserTxBufferFS:
 279 0000 00000000 		.space	2048
 279      00000000 
 279      00000000 
 279      00000000 
 279      00000000 
 280              		.global	UserRxBufferFS
 281              		.section	.bss.UserRxBufferFS,"aw",%nobits
 282              		.align	2
 285              	UserRxBufferFS:
 286 0000 00000000 		.space	2048
 286      00000000 
 286      00000000 
 286      00000000 
 286      00000000 
ARM GAS  C:\Users\Domagoj\AppData\Local\Temp\ccDMRQDo.s 			page 12


 287              		.text
 288              	.Letext0:
 289              		.file 2 "C:\\ST\\STM32CubeIDE_2.2.0\\STM32CubeIDE\\plugins\\com.st.stm32cube.ide.mcu.externaltools
 290              		.file 3 "C:\\ST\\STM32CubeIDE_2.2.0\\STM32CubeIDE\\plugins\\com.st.stm32cube.ide.mcu.externaltools
 291              		.file 4 "Middlewares/ST/STM32_USB_Device_Library/Core/Inc/usbd_def.h"
 292              		.file 5 "Middlewares/ST/STM32_USB_Device_Library/Class/CDC/Inc/usbd_cdc.h"
 293              		.file 6 "USB_Device/App/usbd_cdc_if.h"
 294              		.file 7 "Drivers/STM32G0xx_HAL_Driver/Inc/stm32g0xx_ll_dma.h"
 295              		.file 8 "App/Inc/protocol.h"
ARM GAS  C:\Users\Domagoj\AppData\Local\Temp\ccDMRQDo.s 			page 13


DEFINED SYMBOLS
                            *ABS*:00000000 usbd_cdc_if.c
C:\Users\Domagoj\AppData\Local\Temp\ccDMRQDo.s:19     .text.CDC_DeInit_FS:00000000 $t
C:\Users\Domagoj\AppData\Local\Temp\ccDMRQDo.s:24     .text.CDC_DeInit_FS:00000000 CDC_DeInit_FS
C:\Users\Domagoj\AppData\Local\Temp\ccDMRQDo.s:40     .text.CDC_Control_FS:00000000 $t
C:\Users\Domagoj\AppData\Local\Temp\ccDMRQDo.s:45     .text.CDC_Control_FS:00000000 CDC_Control_FS
C:\Users\Domagoj\AppData\Local\Temp\ccDMRQDo.s:66     .text.CDC_TransmitCplt_FS:00000000 $t
C:\Users\Domagoj\AppData\Local\Temp\ccDMRQDo.s:71     .text.CDC_TransmitCplt_FS:00000000 CDC_TransmitCplt_FS
C:\Users\Domagoj\AppData\Local\Temp\ccDMRQDo.s:94     .text.CDC_Receive_FS:00000000 $t
C:\Users\Domagoj\AppData\Local\Temp\ccDMRQDo.s:99     .text.CDC_Receive_FS:00000000 CDC_Receive_FS
C:\Users\Domagoj\AppData\Local\Temp\ccDMRQDo.s:141    .text.CDC_Receive_FS:00000020 $d
C:\Users\Domagoj\AppData\Local\Temp\ccDMRQDo.s:146    .text.CDC_Init_FS:00000000 $t
C:\Users\Domagoj\AppData\Local\Temp\ccDMRQDo.s:151    .text.CDC_Init_FS:00000000 CDC_Init_FS
C:\Users\Domagoj\AppData\Local\Temp\ccDMRQDo.s:182    .text.CDC_Init_FS:0000001c $d
C:\Users\Domagoj\AppData\Local\Temp\ccDMRQDo.s:278    .bss.UserTxBufferFS:00000000 UserTxBufferFS
C:\Users\Domagoj\AppData\Local\Temp\ccDMRQDo.s:285    .bss.UserRxBufferFS:00000000 UserRxBufferFS
C:\Users\Domagoj\AppData\Local\Temp\ccDMRQDo.s:189    .text.CDC_Transmit_FS:00000000 $t
C:\Users\Domagoj\AppData\Local\Temp\ccDMRQDo.s:195    .text.CDC_Transmit_FS:00000000 CDC_Transmit_FS
C:\Users\Domagoj\AppData\Local\Temp\ccDMRQDo.s:258    .text.CDC_Transmit_FS:0000002c $d
C:\Users\Domagoj\AppData\Local\Temp\ccDMRQDo.s:267    .data.USBD_Interface_fops_FS:00000000 USBD_Interface_fops_FS
C:\Users\Domagoj\AppData\Local\Temp\ccDMRQDo.s:264    .data.USBD_Interface_fops_FS:00000000 $d
C:\Users\Domagoj\AppData\Local\Temp\ccDMRQDo.s:275    .bss.UserTxBufferFS:00000000 $d
C:\Users\Domagoj\AppData\Local\Temp\ccDMRQDo.s:282    .bss.UserRxBufferFS:00000000 $d

UNDEFINED SYMBOLS
Protocol_ProcessByte
USBD_CDC_SetRxBuffer
USBD_CDC_ReceivePacket
hUsbDeviceFS
USBD_CDC_SetTxBuffer
USBD_CDC_TransmitPacket
